Component: ARM Compiler 5.06 update 6 (build 750) Tool: armlink [4d35ed]

==============================================================================

Section Cross References

    main.o(i.close) refers to st7735.o(i.ST7735_FillScreen) for ST7735_FillScreen
    main.o(i.close) refers to st7735.o(i.ST7735_SetCursor) for ST7735_SetCursor
    main.o(i.close) refers to vnc1l.o(i.VNC1L_close) for VNC1L_close
    main.o(i.close) refers to st7735.o(i.ST7735_OutString) for ST7735_OutString
    main.o(i.main) refers to pll.o(i.PLL_Init) for PLL_Init
    main.o(i.main) refers to startup.o(.text) for DisableInterrupts
    main.o(i.main) refers to st7735.o(i.ST7735_InitR) for ST7735_InitR
    main.o(i.main) refers to vnc1l.o(i.VNC1L_init) for VNC1L_init
    main.o(i.main) refers to sensor.o(i.Sensor_init) for Sensor_init
    main.o(i.main) refers to switch.o(i.SWITCH_init) for SWITCH_init
    main.o(i.main) refers to switch.o(i.SWITCH_setPB2Task) for SWITCH_setPB2Task
    main.o(i.main) refers to switch.o(i.SWITCH_setPB5Task) for SWITCH_setPB5Task
    main.o(i.main) refers to main.o(i.open) for open
    main.o(i.main) refers to main.o(i.measure) for measure
    main.o(i.main) refers to main.o(i.close) for close
    main.o(i.measure) refers to _printf_percent.o(.ARM.Collect$$_printf_percent$$00000000) for _printf_percent
    main.o(i.measure) refers to _printf_d.o(.ARM.Collect$$_printf_percent$$00000009) for _printf_d
    main.o(i.measure) refers to _printf_dec.o(.text) for _printf_int_dec
    main.o(i.measure) refers to sensor.o(i.Sensor_getPosition) for Sensor_getPosition
    main.o(i.measure) refers to sensor.o(i.Sensor_getAngle) for Sensor_getAngle
    main.o(i.measure) refers to st7735.o(i.ST7735_FillScreen) for ST7735_FillScreen
    main.o(i.measure) refers to st7735.o(i.ST7735_SetCursor) for ST7735_SetCursor
    main.o(i.measure) refers to noretval__2sprintf.o(.text) for __2sprintf
    main.o(i.measure) refers to st7735.o(i.ST7735_OutString) for ST7735_OutString
    main.o(i.measure) refers to strlen.o(.text) for strlen
    main.o(i.measure) refers to vnc1l.o(i.VNC1L_write) for VNC1L_write
    main.o(i.measure) refers to fixedmath.o(i.Q2_29toS) for Q2_29toS
    main.o(i.measure) refers to fixedmath.o(i.rad2deg) for rad2deg
    main.o(i.measure) refers to fixedmath.o(i.Q8_23toS) for Q8_23toS
    main.o(i.measure) refers to sensor.o(i.Sensor_getCrossLevel) for Sensor_getCrossLevel
    main.o(i.measure) refers to fixedmath.o(i.Q11_20toS) for Q11_20toS
    main.o(i.measure) refers to main.o(.data) for measureNum
    main.o(i.open) refers to st7735.o(i.ST7735_FillScreen) for ST7735_FillScreen
    main.o(i.open) refers to st7735.o(i.ST7735_SetCursor) for ST7735_SetCursor
    main.o(i.open) refers to st7735.o(i.ST7735_OutString) for ST7735_OutString
    main.o(i.open) refers to vnc1l.o(i.VNC1L_openW) for VNC1L_openW
    main.o(i.open) refers to vnc1l.o(i.VNC1L_seek) for VNC1L_seek
    st7735.o(i.Output_Clear) refers to st7735.o(i.ST7735_FillScreen) for ST7735_FillScreen
    st7735.o(i.Output_Color) refers to st7735.o(i.ST7735_SetTextColor) for ST7735_SetTextColor
    st7735.o(i.Output_Init) refers to st7735.o(i.ST7735_InitR) for ST7735_InitR
    st7735.o(i.Output_Init) refers to st7735.o(i.ST7735_FillScreen) for ST7735_FillScreen
    st7735.o(i.Output_Off) refers to st7735.o(i.Output_Clear) for Output_Clear
    st7735.o(i.Output_On) refers to st7735.o(i.Output_Init) for Output_Init
    st7735.o(i.ST7735_DrawBitmap) refers to st7735.o(i.setAddrWindow) for setAddrWindow
    st7735.o(i.ST7735_DrawBitmap) refers to st7735.o(i.writedata) for writedata
    st7735.o(i.ST7735_DrawBitmap) refers to st7735.o(i.deselect) for deselect
    st7735.o(i.ST7735_DrawBitmap) refers to st7735.o(.data) for _width
    st7735.o(i.ST7735_DrawChar) refers to st7735.o(i.setAddrWindow) for setAddrWindow
    st7735.o(i.ST7735_DrawChar) refers to st7735.o(i.pushColor) for pushColor
    st7735.o(i.ST7735_DrawChar) refers to st7735.o(i.deselect) for deselect
    st7735.o(i.ST7735_DrawChar) refers to st7735.o(.data) for _width
    st7735.o(i.ST7735_DrawChar) refers to st7735.o(.constdata) for Font
    st7735.o(i.ST7735_DrawCharS) refers to st7735.o(i.ST7735_DrawPixel) for ST7735_DrawPixel
    st7735.o(i.ST7735_DrawCharS) refers to st7735.o(i.ST7735_FillRect) for ST7735_FillRect
    st7735.o(i.ST7735_DrawCharS) refers to st7735.o(.data) for _width
    st7735.o(i.ST7735_DrawCharS) refers to st7735.o(.constdata) for Font
    st7735.o(i.ST7735_DrawCircle) refers to st7735.o(i.setAddrWindow) for setAddrWindow
    st7735.o(i.ST7735_DrawCircle) refers to st7735.o(i.writedata) for writedata
    st7735.o(i.ST7735_DrawCircle) refers to st7735.o(i.deselect) for deselect
    st7735.o(i.ST7735_DrawCircle) refers to st7735.o(.data) for _width
    st7735.o(i.ST7735_DrawCircle) refers to st7735.o(.constdata) for circle
[...]
    sys_stackheap_outer.o(.text) refers to startup.o(.text) for __user_initial_stackheap
    exit.o(.text) refers to rtexit.o(.ARM.Collect$$rtexit$$00000000) for __rt_exit
    libinit.o(.ARM.Collect$$libinit$$00000000) refers (Special) to libinit2.o(.ARM.Collect$$libinit$$0000002E) for __rt_lib_init_alloca_1
    libinit.o(.ARM.Collect$$libinit$$00000000) refers (Special) to libinit2.o(.ARM.Collect$$libinit$$0000002C) for __rt_lib_init_argv_1
    libinit.o(.ARM.Collect$$libinit$$00000000) refers (Special) to libinit2.o(.ARM.Collect$$libinit$$0000001B) for __rt_lib_init_atexit_1
    libinit.o(.ARM.Collect$$libinit$$00000000) refers (Special) to libinit2.o(.ARM.Collect$$libinit$$00000021) for __rt_lib_init_clock_1
    libinit.o(.ARM.Collect$$libinit$$00000000) refers (Special) to libinit2.o(.ARM.Collect$$libinit$$00000032) for __rt_lib_init_cpp_1
    libinit.o(.ARM.Collect$$libinit$$00000000) refers (Special) to libinit2.o(.ARM.Collect$$libinit$$00000030) for __rt_lib_init_exceptions_1
    libinit.o(.ARM.Collect$$libinit$$00000000) refers (Special) to libinit2.o(.ARM.Collect$$libinit$$00000002) for __rt_lib_init_fp_1
    libinit.o(.ARM.Collect$$libinit$$00000000) refers (Special) to libinit2.o(.ARM.Collect$$libinit$$0000001F) for __rt_lib_init_fp_trap_1
    libinit.o(.ARM.Collect$$libinit$$00000000) refers (Special) to libinit2.o(.ARM.Collect$$libinit$$00000023) for __rt_lib_init_getenv_1
    libinit.o(.ARM.Collect$$libinit$$00000000) refers (Special) to libinit2.o(.ARM.Collect$$libinit$$0000000A) for __rt_lib_init_heap_1
    libinit.o(.ARM.Collect$$libinit$$00000000) refers (Special) to libinit2.o(.ARM.Collect$$libinit$$00000011) for __rt_lib_init_lc_collate_1
    libinit.o(.ARM.Collect$$libinit$$00000000) refers (Special) to libinit2.o(.ARM.Collect$$libinit$$00000013) for __rt_lib_init_lc_ctype_1
    libinit.o(.ARM.Collect$$libinit$$00000000) refers (Special) to libinit2.o(.ARM.Collect$$libinit$$00000015) for __rt_lib_init_lc_monetary_1
    libinit.o(.ARM.Collect$$libinit$$00000000) refers (Special) to libinit2.o(.ARM.Collect$$libinit$$00000017) for __rt_lib_init_lc_numeric_1
    libinit.o(.ARM.Collect$$libinit$$00000000) refers (Special) to libinit2.o(.ARM.Collect$$libinit$$00000019) for __rt_lib_init_lc_time_1
    libinit.o(.ARM.Collect$$libinit$$00000000) refers (Special) to libinit2.o(.ARM.Collect$$libinit$$00000004) for __rt_lib_init_preinit_1
    libinit.o(.ARM.Collect$$libinit$$00000000) refers (Special) to libinit2.o(.ARM.Collect$$libinit$$0000000E) for __rt_lib_init_rand_1
    libinit.o(.ARM.Collect$$libinit$$00000000) refers (Special) to libinit2.o(.ARM.Collect$$libinit$$00000033) for __rt_lib_init_return
    libinit.o(.ARM.Collect$$libinit$$00000000) refers (Special) to libinit2.o(.ARM.Collect$$libinit$$0000001D) for __rt_lib_init_signal_1
    libinit.o(.ARM.Collect$$libinit$$00000000) refers (Special) to libinit2.o(.ARM.Collect$$libinit$$00000025) for __rt_lib_init_stdio_1
    libinit.o(.ARM.Collect$$libinit$$00000000) refers (Special) to libinit2.o(.ARM.Collect$$libinit$$0000000C) for __rt_lib_init_user_alloc_1
    libspace.o(.text) refers to libspace.o(.bss) for __libspace_start
    rtexit.o(.ARM.Collect$$rtexit$$00000000) refers (Special) to rtexit2.o(.ARM.Collect$$rtexit$$00000004) for __rt_exit_exit
    rtexit.o(.ARM.Collect$$rtexit$$00000000) refers (Special) to rtexit2.o(.ARM.Collect$$rtexit$$00000003) for __rt_exit_ls
    rtexit.o(.ARM.Collect$$rtexit$$00000000) refers (Special) to rtexit2.o(.ARM.Collect$$rtexit$$00000002) for __rt_exit_prels_1
    rtexit.o(.ARM.exidx) refers (Special) to rtexit2.o(.ARM.Collect$$rtexit$$00000004) for __rt_exit_exit
    rtexit.o(.ARM.exidx) refers (Special) to rtexit2.o(.ARM.Collect$$rtexit$$00000003) for __rt_exit_ls
    rtexit.o(.ARM.exidx) refers (Special) to rtexit2.o(.ARM.Collect$$rtexit$$00000002) for __rt_exit_prels_1
    rtexit.o(.ARM.exidx) refers to rtexit.o(.ARM.Collect$$rtexit$$00000000) for .ARM.Collect$$rtexit$$00000000
    libinit2.o(.ARM.Collect$$libinit$$00000010) refers to libinit2.o(.ARM.Collect$$libinit$$0000000F) for .ARM.Collect$$libinit$$0000000F
    libinit2.o(.ARM.Collect$$libinit$$00000012) refers to libinit2.o(.ARM.Collect$$libinit$$0000000F) for .ARM.Collect$$libinit$$0000000F
    libinit2.o(.ARM.Collect$$libinit$$00000014) refers to libinit2.o(.ARM.Collect$$libinit$$0000000F) for .ARM.Collect$$libinit$$0000000F
    libinit2.o(.ARM.Collect$$libinit$$00000016) refers to libinit2.o(.ARM.Collect$$libinit$$0000000F) for .ARM.Collect$$libinit$$0000000F
    libinit2.o(.ARM.Collect$$libinit$$00000018) refers to libinit2.o(.ARM.Collect$$libinit$$0000000F) for .ARM.Collect$$libinit$$0000000F
    libinit2.o(.ARM.Collect$$libinit$$00000026) refers to argv_veneer.o(.emb_text) for __ARM_argv_veneer
    libinit2.o(.ARM.Collect$$libinit$$00000027) refers to argv_veneer.o(.emb_text) for __ARM_argv_veneer
    rtexit2.o(.ARM.Collect$$rtexit$$00000003) refers to libshutdown.o(.ARM.Collect$$libshutdown$$00000000) for __rt_lib_shutdown
    rtexit2.o(.ARM.Collect$$rtexit$$00000004) refers to sys_exit.o(.text) for _sys_exit
    rtexit2.o(.ARM.exidx) refers to rtexit2.o(.ARM.Collect$$rtexit$$00000001) for .ARM.Collect$$rtexit$$00000001
    rtexit2.o(.ARM.exidx) refers to rtexit2.o(.ARM.Collect$$rtexit$$00000003) for .ARM.Collect$$rtexit$$00000003
    rtexit2.o(.ARM.exidx) refers to rtexit2.o(.ARM.Collect$$rtexit$$00000004) for .ARM.Collect$$rtexit$$00000004
    argv_veneer.o(.emb_text) refers to no_argv.o(.text) for __ARM_get_argv
    sys_exit.o(.text) refers (Special) to use_no_semi.o(.text) for __I$use$semihosting
    sys_exit.o(.text) refers (Special) to indicate_semi.o(.text) for __semihosting_library_function
    _get_argv_nomalloc.o(.text) refers (Special) to hrguard.o(.text) for __heap_region$guard
    _get_argv_nomalloc.o(.text) refers to defsig_rtmem_outer.o(.text) for __rt_SIGRTMEM
    _get_argv_nomalloc.o(.text) refers to sys_command.o(.text) for _sys_command_string
    libshutdown.o(.ARM.Collect$$libshutdown$$00000000) refers (Special) to libshutdown2.o(.ARM.Collect$$libshutdown$$00000002) for __rt_lib_shutdown_cpp_1
    libshutdown.o(.ARM.Collect$$libshutdown$$00000000) refers (Special) to libshutdown2.o(.ARM.Collect$$libshutdown$$00000007) for __rt_lib_shutdown_fp_trap_1
    libshutdown.o(.ARM.Collect$$libshutdown$$00000000) refers (Special) to libshutdown2.o(.ARM.Collect$$libshutdown$$0000000F) for __rt_lib_shutdown_heap_1
    libshutdown.o(.ARM.Collect$$libshutdown$$00000000) refers (Special) to libshutdown2.o(.ARM.Collect$$libshutdown$$00000010) for __rt_lib_shutdown_return
    libshutdown.o(.ARM.Collect$$libshutdown$$00000000) refers (Special) to libshutdown2.o(.ARM.Collect$$libshutdown$$0000000A) for __rt_lib_shutdown_signal_1
    libshutdown.o(.ARM.Collect$$libshutdown$$00000000) refers (Special) to libshutdown2.o(.ARM.Collect$$libshutdown$$00000004) for __rt_lib_shutdown_stdio_1
    libshutdown.o(.ARM.Collect$$libshutdown$$00000000) refers (Special) to libshutdown2.o(.ARM.Collect$$libshutdown$$0000000C) for __rt_lib_shutdown_user_alloc_1
    sys_command.o(.text) refers (Special) to use_no_semi.o(.text) for __I$use$semihosting
    sys_command.o(.text) refers (Special) to indicate_semi.o(.text) for __semihosting_library_function
    defsig_rtmem_outer.o(.text) refers to defsig_rtmem_inner.o(.text) for __rt_SIGRTMEM_inner
    defsig_rtmem_outer.o(.text) refers to defsig_exit.o(.text) for __sig_exit
    defsig_rtmem_formal.o(.text) refers to rt_raise.o(.text) for __rt_raise
    rt_raise.o(.text) refers to __raise.o(.text) for __raise
    rt_raise.o(.text) refers to sys_exit.o(.text) for _sys_exit
    defsig_exit.o(.text) refers to sys_exit.o(.text) for _sys_exit
    defsig_rtmem_inner.o(.text) refers to defsig_general.o(.text) for __default_signal_display
    __raise.o(.text) refers to defsig.o(CL$$defsig) for __default_signal_handler
    defsig_general.o(.text) refers to sys_wrch.o(.text) for _ttywrch
    sys_wrch.o(.text) refers (Special) to use_no_semi.o(.text) for __I$use$semihosting
    sys_wrch.o(.text) refers (Special) to indicate_semi.o(.text) for __semihosting_library_function
    defsig.o(CL$$defsig) refers to defsig_rtmem_inner.o(.text) for __rt_SIGRTMEM_inner
    defsig_abrt_inner.o(.text) refers to defsig_general.o(.text) for __default_signal_display
    defsig_fpe_inner.o(.text) refers to defsig_general.o(.text) for __default_signal_display
    defsig_rtred_inner.o(.text) refers to defsig_general.o(.text) for __default_signal_display
    defsig_stak_inner.o(.text) refers to defsig_general.o(.text) for __default_signal_display
    defsig_pvfn_inner.o(.text) refers to defsig_general.o(.text) for __default_signal_display
    defsig_cppl_inner.o(.text) refers to defsig_general.o(.text) for __default_signal_display
    defsig_segv_inner.o(.text) refers to defsig_general.o(.text) for __default_signal_display
    defsig_other.o(.text) refers to defsig_general.o(.text) for __default_signal_display


==============================================================================

Removing Unused input sections from the image.

    Removing st7735.o(i.Output_Clear), (10 bytes).
    Removing st7735.o(i.Output_Color), (12 bytes).
    Removing st7735.o(i.Output_Init), (16 bytes).
    Removing st7735.o(i.Output_Off), (8 bytes).
    Removing st7735.o(i.Output_On), (8 bytes).
    Removing st7735.o(i.ST7735_Color565), (24 bytes).
    Removing st7735.o(i.ST7735_DrawBitmap), (292 bytes).
    Removing st7735.o(i.ST7735_DrawChar), (276 bytes).
    Removing st7735.o(i.ST7735_DrawCircle), (172 bytes).
    Removing st7735.o(i.ST7735_DrawFastHLine), (128 bytes).
    Removing st7735.o(i.ST7735_DrawFastVLine), (128 bytes).
    Removing st7735.o(i.ST7735_DrawSmallCircle), (172 bytes).
    Removing st7735.o(i.ST7735_InitB), (40 bytes).
    Removing st7735.o(i.ST7735_InvertDisplay), (26 bytes).
    Removing st7735.o(i.ST7735_Line), (126 bytes).
    Removing st7735.o(i.ST7735_OutUDec), (140 bytes).
    Removing st7735.o(i.ST7735_OutUDec4), (140 bytes).
    Removing st7735.o(i.ST7735_OutUDec5), (140 bytes).
    Removing st7735.o(i.ST7735_PlotBar), (88 bytes).
    Removing st7735.o(i.ST7735_PlotClear), (92 bytes).
    Removing st7735.o(i.ST7735_PlotLine), (264 bytes).
    Removing st7735.o(i.ST7735_PlotNext), (32 bytes).
    Removing st7735.o(i.ST7735_PlotNextErase), (64 bytes).
    Removing st7735.o(i.ST7735_PlotPoint), (152 bytes).
    Removing st7735.o(i.ST7735_PlotPoints), (172 bytes).
    Removing st7735.o(i.ST7735_PlotdBfs), (60 bytes).
    Removing st7735.o(i.ST7735_SetRotation), (216 bytes).
    Removing st7735.o(i.ST7735_SetTextColor), (12 bytes).
    Removing st7735.o(i.ST7735_SetX), (36 bytes).
    Removing st7735.o(i.ST7735_SwapColor), (18 bytes).
    Removing st7735.o(i.ST7735_XYplot), (2 bytes).
    Removing st7735.o(i.ST7735_XYplotInit), (6 bytes).
    Removing st7735.o(i.ST7735_sDecOut2), (304 bytes).
    Removing st7735.o(i.ST7735_uBinOut6), (228 bytes).
    Removing st7735.o(i.ferror), (8 bytes).
    Removing st7735.o(i.fgetc), (6 bytes).
    Removing st7735.o(i.fillmessage), (72 bytes).
    Removing st7735.o(i.fillmessage4), (100 bytes).
    Removing st7735.o(i.fillmessage5), (128 bytes).
    Removing st7735.o(i.fputc), (16 bytes).
    Removing st7735.o(i.plotLineX), (166 bytes).
    Removing st7735.o(i.plotLineY), (164 bytes).
    Removing st7735.o(.bss), (12 bytes).
    Removing sensor.o(i.Sensor_setPosition), (2 bytes).
    Removing pec16.o(i.PEC16_getA), (16 bytes).
    Removing pec16.o(i.PEC16_getB), (16 bytes).
    Removing pec16.o(.bss), (100 bytes).
    Removing vnc1l.o(i.VNC1L_cd), (40 bytes).
    Removing vnc1l.o(i.VNC1L_command), (86 bytes).
    Removing vnc1l.o(i.VNC1L_ls), (92 bytes).
    Removing vnc1l.o(i.VNC1L_openR), (44 bytes).
    Removing vnc1l.o(i.VNC1L_read), (76 bytes).
    Removing menu.o(i.Menu_addChild), (2 bytes).
    Removing menu.o(i.Menu_init), (2 bytes).
    Removing menu.o(i.Menu_refresh), (2 bytes).
    Removing menu.o(i.Menu_removeChild), (2 bytes).
    Removing menu.o(i.Menu_setCurrent), (2 bytes).
    Removing menu.o(i.Menu_show), (2 bytes).
    Removing uart.o(i.UART_InStringBad), (66 bytes).
    Removing uart.o(i.UART_InUDec), (76 bytes).
    Removing uart.o(i.UART_InUHex), (104 bytes).
    Removing uart.o(i.UART_OutUDec), (42 bytes).
    Removing uart.o(i.UART_OutUHex), (52 bytes).
    Removing uart.o(i.UART_OutUHex2), (20 bytes).
    Removing uart.o(i.outnibble), (32 bytes).
    Removing switch.o(i.SWITCH_setPB3Task), (24 bytes).
    Removing switch.o(i.SWITCH_setPB4Task), (24 bytes).
    Removing switch.o(i.SWITCH_setPB6Task), (24 bytes).

68 unused section(s) (total 5224 bytes) removed from the image.

==============================================================================

Image Symbol Table

    Local Symbols

    Symbol Name                              Value     Ov Type        Size  Object(Section)

    RESET                                    0x00000000   Section      644  startup.o(RESET)
    ../clib/angel/boardlib.s                 0x00000000   Number         0  boardshut.o ABSOLUTE
    ../clib/angel/boardlib.s                 0x00000000   Number         0  boardinit3.o ABSOLUTE
    ../clib/angel/boardlib.s                 0x00000000   Number         0  boardinit2.o ABSOLUTE
    ../clib/angel/boardlib.s                 0x00000000   Number         0  boardinit1.o ABSOLUTE
    ../clib/angel/handlers.s                 0x00000000   Number         0  __scatter_copy.o ABSOLUTE
    ../clib/angel/handlers.s                 0x00000000   Number         0  __scatter_zi.o ABSOLUTE
    ../clib/angel/kernel.s                   0x00000000   Number         0  rtexit.o ABSOLUTE
    ../clib/angel/kernel.s                   0x00000000   Number         0  rtexit2.o ABSOLUTE
    ../clib/angel/kernel.s                   0x00000000   Number         0  __rtentry.o ABSOLUTE
    ../clib/angel/kernel.s                   0x00000000   Number         0  __rtentry2.o ABSOLUTE
    ../clib/angel/kernel.s                   0x00000000   Number         0  __rtentry4.o ABSOLUTE
    ../clib/angel/rt.s                       0x00000000   Number         0  rt_raise.o ABSOLUTE
    ../clib/angel/scatter.s                  0x00000000   Number         0  __scatter.o ABSOLUTE
    ../clib/angel/startup.s                  0x00000000   Number         0  __main.o ABSOLUTE
    ../clib/angel/sys.s                      0x00000000   Number         0  indicate_semi.o ABSOLUTE
    ../clib/angel/sys.s                      0x00000000   Number         0  sys_stackheap_outer.o ABSOLUTE
    ../clib/angel/sys.s                      0x00000000   Number         0  libspace.o ABSOLUTE
    ../clib/angel/sys.s                      0x00000000   Number         0  use_no_semi.o ABSOLUTE
    ../clib/angel/sysapp.c                   0x00000000   Number         0  sys_command.o ABSOLUTE
    ../clib/angel/sysapp.c                   0x00000000   Number         0  sys_wrch.o ABSOLUTE
    ../clib/angel/sysapp.c                   0x00000000   Number         0  sys_exit.o ABSOLUTE
    ../clib/armsys.c                         0x00000000   Number         0  no_argv.o ABSOLUTE
    ../clib/armsys.c                         0x00000000   Number         0  argv_veneer.o ABSOLUTE
    ../clib/armsys.c                         0x00000000   Number         0  argv_veneer.o ABSOLUTE
    ../clib/armsys.c                         0x00000000   Number         0  _get_argv_nomalloc.o ABSOLUTE
    ../clib/heapalloc.c                      0x00000000   Number         0  hrguard.o ABSOLUTE
    ../clib/heapaux.c                        0x00000000   Number         0  heapauxi.o ABSOLUTE
    ../clib/libinit.s                        0x00000000   Number         0  libinit2.o ABSOLUTE
    ../clib/libinit.s                        0x00000000   Number         0  libshutdown2.o ABSOLUTE
    ../clib/libinit.s                        0x00000000   Number         0  libshutdown.o ABSOLUTE
    ../clib/libinit.s                        0x00000000   Number         0  libinit.o ABSOLUTE
    ../clib/memcpset.s                       0x00000000   Number         0  strcmpv7m.o ABSOLUTE
    ../clib/misc.s                           0x00000000   Number         0  printf_stubs.o ABSOLUTE
    ../clib/printf.c                         0x00000000   Number         0  __printf_wp.o ABSOLUTE
    ../clib/printf.c                         0x00000000   Number         0  __printf_ss.o ABSOLUTE
    ../clib/printf.c                         0x00000000   Number         0  __printf_flags_ss.o ABSOLUTE
    ../clib/printf.c                         0x00000000   Number         0  __printf_nopercent.o ABSOLUTE
    ../clib/printf.c                         0x00000000   Number         0  _sputc.o ABSOLUTE
    ../clib/printf.c                         0x00000000   Number         0  _printf_char_common.o ABSOLUTE
    ../clib/printf.c                         0x00000000   Number         0  _printf_intcommon.o ABSOLUTE
    ../clib/printf.c                         0x00000000   Number         0  __2sprintf.o ABSOLUTE
    ../clib/printf.c                         0x00000000   Number         0  noretval__2sprintf.o ABSOLUTE
    ../clib/printf.c                         0x00000000   Number         0  __printf_flags_ss_wp.o ABSOLUTE
    ../clib/printf.c                         0x00000000   Number         0  __printf.o ABSOLUTE
    ../clib/printf.c                         0x00000000   Number         0  _printf_pad.o ABSOLUTE
    ../clib/printf.c                         0x00000000   Number         0  __printf_ss_wp.o ABSOLUTE
    ../clib/printf.c                         0x00000000   Number         0  _printf_dec.o ABSOLUTE
    ../clib/printf.c                         0x00000000   Number         0  __printf_flags_wp.o ABSOLUTE
    ../clib/printf.c                         0x00000000   Number         0  __printf_flags.o ABSOLUTE
    ../clib/printf_percent.s                 0x00000000   Number         0  _printf_u.o ABSOLUTE
    ../clib/printf_percent.s                 0x00000000   Number         0  _printf_d.o ABSOLUTE
    ../clib/printf_percent.s                 0x00000000   Number         0  _printf_percent_end.o ABSOLUTE
    ../clib/printf_percent.s                 0x00000000   Number         0  _printf_percent.o ABSOLUTE
    ../clib/signal.c                         0x00000000   Number         0  defsig_exit.o ABSOLUTE
    ../clib/signal.c                         0x00000000   Number         0  defsig_rtmem_inner.o ABSOLUTE
    ../clib/signal.c                         0x00000000   Number         0  __raise.o ABSOLUTE
    ../clib/signal.c                         0x00000000   Number         0  defsig_general.o ABSOLUTE
    ../clib/signal.c                         0x00000000   Number         0  defsig_abrt_inner.o ABSOLUTE
    ../clib/signal.c                         0x00000000   Number         0  defsig_fpe_inner.o ABSOLUTE
    ../clib/signal.c                         0x00000000   Number         0  defsig_rtred_inner.o ABSOLUTE
    ../clib/signal.c                         0x00000000   Number         0  defsig_stak_inner.o ABSOLUTE
    ../clib/signal.c                         0x00000000   Number         0  defsig_rtmem_formal.o ABSOLUTE
    ../clib/signal.c                         0x00000000   Number         0  defsig_pvfn_inner.o ABSOLUTE
    ../clib/signal.c                         0x00000000   Number         0  defsig_other.o ABSOLUTE
    ../clib/signal.c                         0x00000000   Number         0  defsig_segv_inner.o ABSOLUTE
    ../clib/signal.c                         0x00000000   Number         0  defsig_cppl_inner.o ABSOLUTE
    ../clib/signal.c                         0x00000000   Number         0  defsig_rtmem_outer.o ABSOLUTE
    ../clib/signal.s                         0x00000000   Number         0  defsig.o ABSOLUTE
    ../clib/stdlib.c                         0x00000000   Number         0  exit.o ABSOLUTE
    ../clib/string.c                         0x00000000   Number         0  strlen.o ABSOLUTE
    ../clib/string.c                         0x00000000   Number         0  strlcat.o ABSOLUTE
    ../fplib/fpinit.s                        0x00000000   Number         0  fpinit.o ABSOLUTE
    EV3479.c                                 0x00000000   Number         0  ev3479.o ABSOLUTE
    FixedMath.c                              0x00000000   Number         0  fixedmath.o ABSOLUTE
    I2C.c                                    0x00000000   Number         0  i2c.o ABSOLUTE
    Main.c                                   0x00000000   Number         0  main.o ABSOLUTE
    Menu.c                                   0x00000000   Number         0  menu.o ABSOLUTE
    PEC16.c                                  0x00000000   Number         0  pec16.o ABSOLUTE
    PLL.c                                    0x00000000   Number         0  pll.o ABSOLUTE
    PortBHandler.c                           0x00000000   Number         0  portbhandler.o ABSOLUTE
    ST7735.c                                 0x00000000   Number         0  st7735.o ABSOLUTE
    Sensor.c                                 0x00000000   Number         0  sensor.o ABSOLUTE
    Switch.c                                 0x00000000   Number         0  switch.o ABSOLUTE
    UART.c                                   0x00000000   Number         0  uart.o ABSOLUTE
    VNC1L.c                                  0x00000000   Number         0  vnc1l.o ABSOLUTE
    dc.s                                     0x00000000   Number         0  dc.o ABSOLUTE
    startup.s                                0x00000000   Number         0  startup.o ABSOLUTE
    !!!main                                  0x00000284   Section        8  __main.o(!!!main)
    !!!scatter                               0x0000028c   Section       52  __scatter.o(!!!scatter)
    !!handler_copy                           0x000002c0   Section       26  __scatter_copy.o(!!handler_copy)
    !!handler_zi                             0x000002dc   Section       28  __scatter_zi.o(!!handler_zi)
    .ARM.Collect$$_printf_percent$$00000000  0x000002f8   Section        0  _printf_percent.o(.ARM.Collect$$_printf_percent$$00000000)
    .ARM.Collect$$_printf_percent$$00000009  0x000002f8   Section        6  _printf_d.o(.ARM.Collect$$_printf_percent$$00000009)
    .ARM.Collect$$_printf_percent$$0000000A  0x000002fe   Section        6  _printf_u.o(.ARM.Collect$$_printf_percent$$0000000A)
    .ARM.Collect$$_printf_percent$$00000017  0x00000304   Section        4  _printf_percent_end.o(.ARM.Collect$$_printf_percent$$00000017)
    .ARM.Collect$$libinit$$00000000          0x00000308   Section        2  libinit.o(.ARM.Collect$$libinit$$00000000)
    .ARM.Collect$$libinit$$00000002          0x0000030a   Section        0  libinit2.o(.ARM.Collect$$libinit$$00000002)
    .ARM.Collect$$libinit$$00000004          0x0000030a   Section        0  libinit2.o(.ARM.Collect$$libinit$$00000004)
    .ARM.Collect$$libinit$$0000000A          0x0000030a   Section        0  libinit2.o(.ARM.Collect$$libinit$$0000000A)
    .ARM.Collect$$libinit$$0000000C          0x0000030a   Section        0  libinit2.o(.ARM.Collect$$libinit$$0000000C)
    .ARM.Collect$$libinit$$0000000E          0x0000030a   Section        0  libinit2.o(.ARM.Collect$$libinit$$0000000E)
    .ARM.Collect$$libinit$$00000011          0x0000030a   Section        0  libinit2.o(.ARM.Collect$$libinit$$00000011)
    .ARM.Collect$$libinit$$00000013          0x0000030a   Section        0  libinit2.o(.ARM.Collect$$libinit$$00000013)
    .ARM.Collect$$libinit$$00000015          0x0000030a   Section        0  libinit2.o(.ARM.Collect$$libinit$$00000015)
    .ARM.Collect$$libinit$$00000017          0x0000030a   Section        0  libinit2.o(.ARM.Collect$$libinit$$00000017)
    .ARM.Collect$$libinit$$00000019          0x0000030a   Section        0  libinit2.o(.ARM.Collect$$libinit$$00000019)
    .ARM.Collect$$libinit$$0000001B          0x0000030a   Section        0  libinit2.o(.ARM.Collect$$libinit$$0000001B)
    .ARM.Collect$$libinit$$0000001D          0x0000030a   Section        0  libinit2.o(.ARM.Collect$$libinit$$0000001D)
    .ARM.Collect$$libinit$$0000001F          0x0000030a   Section        0  libinit2.o(.ARM.Collect$$libinit$$0000001F)
    .ARM.Collect$$libinit$$00000021          0x0000030a   Section        0  libinit2.o(.ARM.Collect$$libinit$$00000021)
    .ARM.Collect$$libinit$$00000023          0x0000030a   Section        0  libinit2.o(.ARM.Collect$$libinit$$00000023)
    .ARM.Collect$$libinit$$00000025          0x0000030a   Section        0  libinit2.o(.ARM.Collect$$libinit$$00000025)
    .ARM.Collect$$libinit$$0000002C          0x0000030a   Section        0  libinit2.o(.ARM.Collect$$libinit$$0000002C)
    .ARM.Collect$$libinit$$0000002E          0x0000030a   Section        0  libinit2.o(.ARM.Collect$$libinit$$0000002E)
    .ARM.Collect$$libinit$$00000030          0x0000030a   Section        0  libinit2.o(.ARM.Collect$$libinit$$00000030)
    .ARM.Collect$$libinit$$00000032          0x0000030a   Section        0  libinit2.o(.ARM.Collect$$libinit$$00000032)
    .ARM.Collect$$libinit$$00000033          0x0000030a   Section        2  libinit2.o(.ARM.Collect$$libinit$$00000033)
    .ARM.Collect$$libshutdown$$00000000      0x0000030c   Section        2  libshutdown.o(.ARM.Collect$$libshutdown$$00000000)
    .ARM.Collect$$libshutdown$$00000002      0x0000030e   Section        0  libshutdown2.o(.ARM.Collect$$libshutdown$$00000002)
    .ARM.Collect$$libshutdown$$00000004      0x0000030e   Section        0  libshutdown2.o(.ARM.Collect$$libshutdown$$00000004)
    .ARM.Collect$$libshutdown$$00000007      0x0000030e   Section        0  libshutdown2.o(.ARM.Collect$$libshutdown$$00000007)
    .ARM.Collect$$libshutdown$$0000000A      0x0000030e   Section        0  libshutdown2.o(.ARM.Collect$$libshutdown$$0000000A)
    .ARM.Collect$$libshutdown$$0000000C      0x0000030e   Section        0  libshutdown2.o(.ARM.Collect$$libshutdown$$0000000C)
    .ARM.Collect$$libshutdown$$0000000F      0x0000030e   Section        0  libshutdown2.o(.ARM.Collect$$libshutdown$$0000000F)
    .ARM.Collect$$libshutdown$$00000010      0x0000030e   Section        2  libshutdown2.o(.ARM.Collect$$libshutdown$$00000010)
    .ARM.Collect$$rtentry$$00000000          0x00000310   Section        0  __rtentry.o(.ARM.Collect$$rtentry$$00000000)
    .ARM.Collect$$rtentry$$00000002          0x00000310   Section        0  __rtentry2.o(.ARM.Collect$$rtentry$$00000002)
    .ARM.Collect$$rtentry$$00000004          0x00000310   Section        6  __rtentry4.o(.ARM.Collect$$rtentry$$00000004)
    .ARM.Collect$$rtentry$$00000009          0x00000316   Section        0  __rtentry2.o(.ARM.Collect$$rtentry$$00000009)
    .ARM.Collect$$rtentry$$0000000A          0x00000316   Section        4  __rtentry2.o(.ARM.Collect$$rtentry$$0000000A)
    .ARM.Collect$$rtentry$$0000000C          0x0000031a   Section        0  __rtentry2.o(.ARM.Collect$$rtentry$$0000000C)
    .ARM.Collect$$rtentry$$0000000D          0x0000031a   Section        8  __rtentry2.o(.ARM.Collect$$rtentry$$0000000D)
    .ARM.Collect$$rtexit$$00000000           0x00000322   Section        2  rtexit.o(.ARM.Collect$$rtexit$$00000000)
    .ARM.Collect$$rtexit$$00000002           0x00000324   Section        0  rtexit2.o(.ARM.Collect$$rtexit$$00000002)
    .ARM.Collect$$rtexit$$00000003           0x00000324   Section        4  rtexit2.o(.ARM.Collect$$rtexit$$00000003)
    .ARM.Collect$$rtexit$$00000004           0x00000328   Section        6  rtexit2.o(.ARM.Collect$$rtexit$$00000004)
    .text                                    0x00000330   Section       48  startup.o(.text)
    .text                                    0x00000360   Section        0  noretval__2sprintf.o(.text)
    .text                                    0x00000388   Section        0  _printf_pad.o(.text)
    .text                                    0x000003d8   Section        0  _printf_dec.o(.text)
    .text                                    0x00000450   Section        0  __printf_flags_wp.o(.text)
    .text                                    0x00000588   Section        0  strlen.o(.text)
    .text                                    0x000005c6   Section        0  heapauxi.o(.text)
    .text                                    0x000005cc   Section        0  _printf_intcommon.o(.text)
    .text                                    0x00000680   Section        0  _printf_char_common.o(.text)
    _printf_input_char                       0x00000681   Thumb Code    10  _printf_char_common.o(.text)
    .text                                    0x000006b0   Section        0  _sputc.o(.text)
    .text                                    0x000006ba   Section       74  sys_stackheap_outer.o(.text)
    .text                                    0x00000704   Section        0  exit.o(.text)
    .text                                    0x00000718   Section        8  libspace.o(.text)
    .text                                    0x00000720   Section        0  sys_exit.o(.text)
    .text                                    0x0000072c   Section        2  use_no_semi.o(.text)
    .text                                    0x0000072e   Section        0  indicate_semi.o(.text)
    i.Delay1ms                               0x0000072e   Section        0  st7735.o(i.Delay1ms)
    i.EV3479_init                            0x00000750   Section        0  ev3479.o(i.EV3479_init)
    i.EV3479_measure                         0x000007c0   Section        0  ev3479.o(i.EV3479_measure)
    i.EV3479_read                            0x00000892   Section        0  ev3479.o(i.EV3479_read)
    i.EV3479_write                           0x000008a6   Section        0  ev3479.o(i.EV3479_write)
    i.GPIOPortB_Handler                      0x000008b8   Section        0  portbhandler.o(i.GPIOPortB_Handler)
    i.I2C_init                               0x000008dc   Section        0  i2c.o(i.I2C_init)
    i.I2C_trans1_recv1                       0x00000970   Section        0  i2c.o(i.I2C_trans1_recv1)
    i.I2C_trans2                             0x000009f4   Section        0  i2c.o(i.I2C_trans2)
    i.PEC16_get                              0x00000a70   Section        0  pec16.o(i.PEC16_get)
    i.PEC16_handler                          0x00000a7c   Section        0  pec16.o(i.PEC16_handler)
    i.PEC16_init                             0x00000b3c   Section        0  pec16.o(i.PEC16_init)
    i.PEC16_set                              0x00000bf4   Section        0  pec16.o(i.PEC16_set)
    i.PLL_Init                               0x00000c00   Section        0  pll.o(i.PLL_Init)
    i.Q11_20toS                              0x00000c7c   Section        0  fixedmath.o(i.Q11_20toS)
    i.Q2_29toS                               0x00000ce4   Section        0  fixedmath.o(i.Q2_29toS)
    i.Q8_23toS                               0x00000d4c   Section        0  fixedmath.o(i.Q8_23toS)
    i.ST7735_DrawCharS                       0x00000db0   Section        0  st7735.o(i.ST7735_DrawCharS)
    i.ST7735_DrawPixel                       0x00000ea8   Section        0  st7735.o(i.ST7735_DrawPixel)
    i.ST7735_DrawString                      0x00000ef4   Section        0  st7735.o(i.ST7735_DrawString)
    i.ST7735_FillRect                        0x00000f48   Section        0  st7735.o(i.ST7735_FillRect)
    i.ST7735_FillScreen                      0x00000ff8   Section        0  st7735.o(i.ST7735_FillScreen)
    i.ST7735_InitR                           0x0000101c   Section        0  st7735.o(i.ST7735_InitR)
    i.ST7735_OutChar                         0x00001098   Section        0  st7735.o(i.ST7735_OutChar)
    i.ST7735_OutString                       0x0000116c   Section        0  st7735.o(i.ST7735_OutString)
    i.ST7735_SetCursor                       0x00001184   Section        0  st7735.o(i.ST7735_SetCursor)
    i.SWITCH_debounce                        0x000011a4   Section        0  switch.o(i.SWITCH_debounce)
    i.SWITCH_init                            0x000011c0   Section        0  switch.o(i.SWITCH_init)
    i.SWITCH_setPB2Task                      0x000012a0   Section        0  switch.o(i.SWITCH_setPB2Task)
    i.SWITCH_setPB5Task                      0x000012b8   Section        0  switch.o(i.SWITCH_setPB5Task)
    i.Sensor_getAngle                        0x000012d0   Section        0  sensor.o(i.Sensor_getAngle)
    i.Sensor_getCrossLevel                   0x00001306   Section        0  sensor.o(i.Sensor_getCrossLevel)
    i.Sensor_getPosition                     0x00001332   Section        0  sensor.o(i.Sensor_getPosition)
    i.Sensor_init                            0x0000133a   Section        0  sensor.o(i.Sensor_init)
    i.Switch_handler                         0x00001354   Section        0  switch.o(i.Switch_handler)
    i.UART_InChar                            0x00001460   Section        0  uart.o(i.UART_InChar)
    i.UART_InString                          0x0000147c   Section        0  uart.o(i.UART_InString)
    i.UART_Init                              0x000014ac   Section        0  uart.o(i.UART_Init)
    i.UART_OutChar                           0x0000153c   Section        0  uart.o(i.UART_OutChar)
    i.UART_OutString                         0x00001554   Section        0  uart.o(i.UART_OutString)
    i.VNC1L_close                            0x0000156c   Section        0  vnc1l.o(i.VNC1L_close)
    i.VNC1L_init                             0x00001598   Section        0  vnc1l.o(i.VNC1L_init)
    i.VNC1L_openW                            0x00001668   Section        0  vnc1l.o(i.VNC1L_openW)
    i.VNC1L_seek                             0x00001694   Section        0  vnc1l.o(i.VNC1L_seek)
    i.VNC1L_write                            0x000016d8   Section        0  vnc1l.o(i.VNC1L_write)
    i._is_digit                              0x00001724   Section        0  __printf_wp.o(i._is_digit)
    i.close                                  0x00001734   Section        0  main.o(i.close)
    i.commandList                            0x00001770   Section        0  st7735.o(i.commandList)
    commandList                              0x00001771   Thumb Code    86  st7735.o(i.commandList)
    i.commonInit                             0x000017c8   Section        0  st7735.o(i.commonInit)
    commonInit                               0x000017c9   Thumb Code   342  st7735.o(i.commonInit)
    i.debounce                               0x00001950   Section        0  pec16.o(i.debounce)
    i.deselect                               0x0000196c   Section        0  st7735.o(i.deselect)
    deselect                                 0x0000196d   Thumb Code    24  st7735.o(i.deselect)
    i.fixedArcCos                            0x00001988   Section        0  fixedmath.o(i.fixedArcCos)
    i.fixedArcSin                            0x00001a70   Section        0  fixedmath.o(i.fixedArcSin)
    i.fixedTan                               0x00001b54   Section        0  fixedmath.o(i.fixedTan)
    i.foo                                    0x00001c30   Section        0  switch.o(i.foo)
    i.main                                   0x00001c34   Section        0  main.o(i.main)
    i.measure                                0x00001c74   Section        0  main.o(i.measure)
    i.mulQ29                                 0x00001e50   Section        0  fixedmath.o(i.mulQ29)
    i.open                                   0x00001e60   Section        0  main.o(i.open)
    i.pushColor                              0x00001ebc   Section        0  st7735.o(i.pushColor)
    pushColor                                0x00001ebd   Thumb Code    18  st7735.o(i.pushColor)
    i.rad2deg                                0x00001ed0   Section        0  fixedmath.o(i.rad2deg)
    i.reset                                  0x00001f04   Section        0  ev3479.o(i.reset)
    i.setAddrWindow                          0x00001f94   Section        0  st7735.o(i.setAddrWindow)
    setAddrWindow                            0x00001f95   Thumb Code   106  st7735.o(i.setAddrWindow)
    i.setMode                                0x00002008   Section        0  ev3479.o(i.setMode)
    i.setRangeCtrl                           0x00002024   Section        0  ev3479.o(i.setRangeCtrl)
    i.setSampleRate                          0x0000204c   Section        0  ev3479.o(i.setSampleRate)
    i.writecommand                           0x0000206c   Section        0  st7735.o(i.writecommand)
    writecommand                             0x0000206d   Thumb Code    46  st7735.o(i.writecommand)
    i.writedata                              0x000020a4   Section        0  st7735.o(i.writedata)
    writedata                                0x000020a5   Thumb Code    26  st7735.o(i.writedata)
    .constdata                               0x000020c8   Section     2114  st7735.o(.constdata)
    Font                                     0x000020c8   Data        1275  st7735.o(.constdata)
    Bcmd                                     0x000025c3   Data         103  st7735.o(.constdata)
    Rcmd1                                    0x0000262a   Data          59  st7735.o(.constdata)
    Rcmd2green                               0x00002665   Data          13  st7735.o(.constdata)
    Rcmd2red                                 0x00002672   Data          13  st7735.o(.constdata)
    Rcmd3                                    0x0000267f   Data          43  st7735.o(.constdata)
    .constdata                               0x0000290a   Section       17  __printf_flags_wp.o(.constdata)
    maptable                                 0x0000290a   Data          17  __printf_flags_wp.o(.constdata)
    .data                                    0x20000000   Section        4  main.o(.data)
    measureNum                               0x20000000   Data           4  main.o(.data)
    .data                                    0x20000004   Section       44  st7735.o(.data)
    ColStart                                 0x2000000e   Data           1  st7735.o(.data)
    RowStart                                 0x2000000f   Data           1  st7735.o(.data)
    Rotation                                 0x20000010   Data           1  st7735.o(.data)
    TabColor                                 0x20000011   Data           1  st7735.o(.data)
    _width                                   0x20000012   Data           2  st7735.o(.data)
    _height                                  0x20000014   Data           2  st7735.o(.data)
    .data                                    0x20000030   Section       26  pec16.o(.data)
    PEC16_data                               0x20000030   Data           4  pec16.o(.data)
    prev                                     0x20000048   Data           1  pec16.o(.data)
    curr                                     0x20000049   Data           1  pec16.o(.data)
    .data                                    0x2000004c   Section       20  switch.o(.data)
    .bss                                     0x20000060   Section       96  libspace.o(.bss)
    HEAP                                     0x200000c0   Section        0  startup.o(HEAP)
    STACK                                    0x200000c0   Section     1024  startup.o(STACK)
    HeapMem                                  0x200000c0   Data           0  startup.o(HEAP)
    StackMem                                 0x200000c0   Data           0  startup.o(STACK)

    Global Symbols

    Symbol Name                              Value     Ov Type        Size  Object(Section)

    BuildAttributes$$THM_ISAv4$E$P$D$K$B$S$7EM$PE$A:L22UL41UL21$X:L11$S22US41US21$IEEE1$IW$USESV6$~STKCKD$USESV7$~SHL$OSPACE$ROPI$EBA8$UX$STANDARDLIB$REQ8$PRES8$EABIv2 0x00000000   Number         0  anon$$obj.o ABSOLUTE
    __ARM_use_no_argv                        0x00000000   Number         0  main.o ABSOLUTE
    __Vectors                                0x00000000   Data           0  startup.o(RESET)
    _printf_flags                            0x00000000   Number         0  printf_stubs.o ABSOLUTE
    _printf_return_value                     0x00000000   Number         0  printf_stubs.o ABSOLUTE
    _printf_sizespec                         0x00000000   Number         0  printf_stubs.o ABSOLUTE
    _printf_widthprec                        0x00000000   Number         0  printf_stubs.o ABSOLUTE
    __ARM_exceptions_init                     - Undefined Weak Reference
    __alloca_initialize                       - Undefined Weak Reference
    __arm_preinit_                            - Undefined Weak Reference
    __cpp_initialize__aeabi_                  - Undefined Weak Reference
    __cxa_finalize                            - Undefined Weak Reference
    __rt_locale                               - Undefined Weak Reference
    __sigvec_lookup                           - Undefined Weak Reference
    _atexit_init                              - Undefined Weak Reference
    _call_atexit_fns                          - Undefined Weak Reference
    _clock_init                               - Undefined Weak Reference
    _fp_trap_init                             - Undefined Weak Reference
    _fp_trap_shutdown                         - Undefined Weak Reference
    _get_lc_collate                           - Undefined Weak Reference
    _get_lc_ctype                             - Undefined Weak Reference
    _get_lc_monetary                          - Undefined Weak Reference
    _get_lc_numeric                           - Undefined Weak Reference
    _get_lc_time                              - Undefined Weak Reference
    _getenv_init                              - Undefined Weak Reference
    _handle_redirection                       - Undefined Weak Reference
    _init_alloc                               - Undefined Weak Reference
    _init_user_alloc                          - Undefined Weak Reference
    _initio                                   - Undefined Weak Reference
    _printf_truncate_signed                   - Undefined Weak Reference
    _printf_truncate_unsigned                 - Undefined Weak Reference
    _rand_init                                - Undefined Weak Reference
    _signal_finish                            - Undefined Weak Reference
    _signal_init                              - Undefined Weak Reference
    _terminate_alloc                          - Undefined Weak Reference
    _terminate_user_alloc                     - Undefined Weak Reference
    _terminateio                              - Undefined Weak Reference
    Reset_Handler                            0x0000026d   Thumb Code     0  startup.o(RESET)
    NMI_Handler                              0x00000271   Thumb Code     2  startup.o(RESET)
    HardFault_Handler                        0x00000273   Thumb Code     2  startup.o(RESET)
    MemManage_Handler                        0x00000275   Thumb Code     2  startup.o(RESET)
    BusFault_Handler                         0x00000277   Thumb Code     2  startup.o(RESET)
    UsageFault_Handler                       0x00000279   Thumb Code     2  startup.o(RESET)
    SVC_Handler                              0x0000027b   Thumb Code     2  startup.o(RESET)
    DebugMon_Handler                         0x0000027d   Thumb Code     2  startup.o(RESET)
    PendSV_Handler                           0x0000027f   Thumb Code     2  startup.o(RESET)
    SysTick_Handler                          0x00000281   Thumb Code     2  startup.o(RESET)
    ADC0Seq0_Handler                         0x00000283   Thumb Code     0  startup.o(RESET)
    ADC0Seq1_Handler                         0x00000283   Thumb Code     0  startup.o(RESET)
    ADC0Seq2_Handler                         0x00000283   Thumb Code     0  startup.o(RESET)
    ADC0Seq3_Handler                         0x00000283   Thumb Code     0  startup.o(RESET)
    ADC1Seq0_Handler                         0x00000283   Thumb Code     0  startup.o(RESET)
    ADC1Seq1_Handler                         0x00000283   Thumb Code     0  startup.o(RESET)
    ADC1Seq2_Handler                         0x00000283   Thumb Code     0  startup.o(RESET)
    ADC1Seq3_Handler                         0x00000283   Thumb Code     0  startup.o(RESET)
    CAN0_Handler                             0x00000283   Thumb Code     0  startup.o(RESET)
    CAN1_Handler                             0x00000283   Thumb Code     0  startup.o(RESET)
    CAN2_Handler                             0x00000283   Thumb Code     0  startup.o(RESET)
    Comp0_Handler                            0x00000283   Thumb Code     0  startup.o(RESET)
    Comp1_Handler                            0x00000283   Thumb Code     0  startup.o(RESET)
    Comp2_Handler                            0x00000283   Thumb Code     0  startup.o(RESET)
    Ethernet_Handler                         0x00000283   Thumb Code     0  startup.o(RESET)
    ExtBus_Handler                           0x00000283   Thumb Code     0  startup.o(RESET)
    FPU_Handler                              0x00000283   Thumb Code     0  startup.o(RESET)
    Fan0_Handler                             0x00000283   Thumb Code     0  startup.o(RESET)
    FlashCtl_Handler                         0x00000283   Thumb Code     0  startup.o(RESET)
    GPIOPortA_Handler                        0x00000283   Thumb Code     0  startup.o(RESET)
    GPIOPortC_Handler                        0x00000283   Thumb Code     0  startup.o(RESET)
    GPIOPortD_Handler                        0x00000283   Thumb Code     0  startup.o(RESET)
    GPIOPortE_Handler                        0x00000283   Thumb Code     0  startup.o(RESET)
    GPIOPortF_Handler                        0x00000283   Thumb Code     0  startup.o(RESET)
    GPIOPortG_Handler                        0x00000283   Thumb Code     0  startup.o(RESET)
    GPIOPortH_Handler                        0x00000283   Thumb Code     0  startup.o(RESET)
    GPIOPortJ_Handler                        0x00000283   Thumb Code     0  startup.o(RESET)
    GPIOPortK_Handler                        0x00000283   Thumb Code     0  startup.o(RESET)
    GPIOPortL_Handler                        0x00000283   Thumb Code     0  startup.o(RESET)
    GPIOPortM_Handler                        0x00000283   Thumb Code     0  startup.o(RESET)
    GPIOPortN_Handler                        0x00000283   Thumb Code     0  startup.o(RESET)
    GPIOPortP1_Handler                       0x00000283   Thumb Code     0  startup.o(RESET)
    GPIOPortP2_Handler                       0x00000283   Thumb Code     0  startup.o(RESET)
    GPIOPortP3_Handler                       0x00000283   Thumb Code     0  startup.o(RESET)
    GPIOPortP4_Handler                       0x00000283   Thumb Code     0  startup.o(RESET)
    GPIOPortP5_Handler                       0x00000283   Thumb Code     0  startup.o(RESET)
    GPIOPortP6_Handler                       0x00000283   Thumb Code     0  startup.o(RESET)
    GPIOPortP7_Handler                       0x00000283   Thumb Code     0  startup.o(RESET)
    GPIOPortP_Handler                        0x00000283   Thumb Code     0  startup.o(RESET)
    GPIOPortQ1_Handler                       0x00000283   Thumb Code     0  startup.o(RESET)
    GPIOPortQ2_Handler                       0x00000283   Thumb Code     0  startup.o(RESET)
    GPIOPortQ3_Handler                       0x00000283   Thumb Code     0  startup.o(RESET)
    GPIOPortQ4_Handler                       0x00000283   Thumb Code     0  startup.o(RESET)
    GPIOPortQ5_Handler                       0x00000283   Thumb Code     0  startup.o(RESET)
    GPIOPortQ6_Handler                       0x00000283   Thumb Code     0  startup.o(RESET)
    GPIOPortQ7_Handler                       0x00000283   Thumb Code     0  startup.o(RESET)
    GPIOPortQ_Handler                        0x00000283   Thumb Code     0  startup.o(RESET)
    GPIOPortR_Handler                        0x00000283   Thumb Code     0  startup.o(RESET)
    GPIOPortS_Handler                        0x00000283   Thumb Code     0  startup.o(RESET)
    Hibernate_Handler                        0x00000283   Thumb Code     0  startup.o(RESET)
    I2C0_Handler                             0x00000283   Thumb Code     0  startup.o(RESET)
    I2C1_Handler                             0x00000283   Thumb Code     0  startup.o(RESET)
    I2C2_Handler                             0x00000283   Thumb Code     0  startup.o(RESET)
    I2C3_Handler                             0x00000283   Thumb Code     0  startup.o(RESET)
    I2C4_Handler                             0x00000283   Thumb Code     0  startup.o(RESET)
    I2C5_Handler                             0x00000283   Thumb Code     0  startup.o(RESET)
    I2S0_Handler                             0x00000283   Thumb Code     0  startup.o(RESET)
    LPC0_Handler                             0x00000283   Thumb Code     0  startup.o(RESET)
    PECI0_Handler                            0x00000283   Thumb Code     0  startup.o(RESET)
    PWM0Fault_Handler                        0x00000283   Thumb Code     0  startup.o(RESET)
    PWM0Generator0_Handler                   0x00000283   Thumb Code     0  startup.o(RESET)
    PWM0Generator1_Handler                   0x00000283   Thumb Code     0  startup.o(RESET)
    PWM0Generator2_Handler                   0x00000283   Thumb Code     0  startup.o(RESET)
    PWM0Generator3_Handler                   0x00000283   Thumb Code     0  startup.o(RESET)
    PWM1Fault_Handler                        0x00000283   Thumb Code     0  startup.o(RESET)
    PWM1Generator0_Handler                   0x00000283   Thumb Code     0  startup.o(RESET)
    PWM1Generator1_Handler                   0x00000283   Thumb Code     0  startup.o(RESET)
    PWM1Generator2_Handler                   0x00000283   Thumb Code     0  startup.o(RESET)
    PWM1Generator3_Handler                   0x00000283   Thumb Code     0  startup.o(RESET)
    Quadrature0_Handler                      0x00000283   Thumb Code     0  startup.o(RESET)
    Quadrature1_Handler                      0x00000283   Thumb Code     0  startup.o(RESET)
    Quadrature2_Handler                      0x00000283   Thumb Code     0  startup.o(RESET)
    SSI0_Handler                             0x00000283   Thumb Code     0  startup.o(RESET)
    SSI1_Handler                             0x00000283   Thumb Code     0  startup.o(RESET)
    SSI2_Handler                             0x00000283   Thumb Code     0  startup.o(RESET)
    SSI3_Handler                             0x00000283   Thumb Code     0  startup.o(RESET)
    SysCtl_Handler                           0x00000283   Thumb Code     0  startup.o(RESET)
    Timer0A_Handler                          0x00000283   Thumb Code     0  startup.o(RESET)
    Timer0B_Handler                          0x00000283   Thumb Code     0  startup.o(RESET)
    Timer1A_Handler                          0x00000283   Thumb Code     0  startup.o(RESET)
    Timer1B_Handler                          0x00000283   Thumb Code     0  startup.o(RESET)
    Timer2A_Handler                          0x00000283   Thumb Code     0  startup.o(RESET)
    Timer2B_Handler                          0x00000283   Thumb Code     0  startup.o(RESET)
    Timer3A_Handler                          0x00000283   Thumb Code     0  startup.o(RESET)
    Timer3B_Handler                          0x00000283   Thumb Code     0  startup.o(RESET)
    Timer4A_Handler                          0x00000283   Thumb Code     0  startup.o(RESET)
    Timer4B_Handler                          0x00000283   Thumb Code     0  startup.o(RESET)
    Timer5A_Handler                          0x00000283   Thumb Code     0  startup.o(RESET)
    Timer5B_Handler                          0x00000283   Thumb Code     0  startup.o(RESET)
    UART0_Handler                            0x00000283   Thumb Code     0  startup.o(RESET)
    UART1_Handler                            0x00000283   Thumb Code     0  startup.o(RESET)
    UART2_Handler                            0x00000283   Thumb Code     0  startup.o(RESET)
    UART3_Handler                            0x00000283   Thumb Code     0  startup.o(RESET)
    UART4_Handler                            0x00000283   Thumb Code     0  startup.o(RESET)
    UART5_Handler                            0x00000283   Thumb Code     0  startup.o(RESET)
    UART6_Handler                            0x00000283   Thumb Code     0  startup.o(RESET)
    UART7_Handler                            0x00000283   Thumb Code     0  startup.o(RESET)
    USB0_Handler                             0x00000283   Thumb Code     0  startup.o(RESET)
    WDT_Handler                              0x00000283   Thumb Code     0  startup.o(RESET)
    WideTimer0A_Handler                      0x00000283   Thumb Code     0  startup.o(RESET)
    WideTimer0B_Handler                      0x00000283   Thumb Code     0  startup.o(RESET)
    WideTimer1A_Handler                      0x00000283   Thumb Code     0  startup.o(RESET)
    WideTimer1B_Handler                      0x00000283   Thumb Code     0  startup.o(RESET)
    WideTimer2A_Handler                      0x00000283   Thumb Code     0  startup.o(RESET)
    WideTimer2B_Handler                      0x00000283   Thumb Code     0  startup.o(RESET)
    WideTimer3A_Handler                      0x00000283   Thumb Code     0  startup.o(RESET)
    WideTimer3B_Handler                      0x00000283   Thumb Code     0  startup.o(RESET)
    WideTimer4A_Handler                      0x00000283   Thumb Code     0  startup.o(RESET)
    WideTimer4B_Handler                      0x00000283   Thumb Code     0  startup.o(RESET)
    WideTimer5A_Handler                      0x00000283   Thumb Code     0  startup.o(RESET)
    WideTimer5B_Handler                      0x00000283   Thumb Code     0  startup.o(RESET)
    uDMA_Error                               0x00000283   Thumb Code     0  startup.o(RESET)
    uDMA_Handler                             0x00000283   Thumb Code     0  startup.o(RESET)
    __main                                   0x00000285   Thumb Code     8  __main.o(!!!main)
    __scatterload                            0x0000028d   Thumb Code     0  __scatter.o(!!!scatter)
    __scatterload_rt2                        0x0000028d   Thumb Code    44  __scatter.o(!!!scatter)
    __scatterload_rt2_thumb_only             0x0000028d   Thumb Code     0  __scatter.o(!!!scatter)
    __scatterload_null                       0x0000029b   Thumb Code     0  __scatter.o(!!!scatter)
    __scatterload_copy                       0x000002c1   Thumb Code    26  __scatter_copy.o(!!handler_copy)
    __scatterload_zeroinit                   0x000002dd   Thumb Code    28  __scatter_zi.o(!!handler_zi)
    _printf_d                                0x000002f9   Thumb Code     0  _printf_d.o(.ARM.Collect$$_printf_percent$$00000009)
    _printf_percent                          0x000002f9   Thumb Code     0  _printf_percent.o(.ARM.Collect$$_printf_percent$$00000000)
    _printf_u                                0x000002ff   Thumb Code     0  _printf_u.o(.ARM.Collect$$_printf_percent$$0000000A)
    _printf_percent_end                      0x00000305   Thumb Code     0  _printf_percent_end.o(.ARM.Collect$$_printf_percent$$00000017)
    __rt_lib_init                            0x00000309   Thumb Code     0  libinit.o(.ARM.Collect$$libinit$$00000000)
    __rt_lib_init_alloca_1                   0x0000030b   Thumb Code     0  libinit2.o(.ARM.Collect$$libinit$$0000002E)
    __rt_lib_init_argv_1                     0x0000030b   Thumb Code     0  libinit2.o(.ARM.Collect$$libinit$$0000002C)
    __rt_lib_init_atexit_1                   0x0000030b   Thumb Code     0  libinit2.o(.ARM.Collect$$libinit$$0000001B)
    __rt_lib_init_clock_1                    0x0000030b   Thumb Code     0  libinit2.o(.ARM.Collect$$libinit$$00000021)
    __rt_lib_init_cpp_1                      0x0000030b   Thumb Code     0  libinit2.o(.ARM.Collect$$libinit$$00000032)
    __rt_lib_init_exceptions_1               0x0000030b   Thumb Code     0  libinit2.o(.ARM.Collect$$libinit$$00000030)
    __rt_lib_init_fp_1                       0x0000030b   Thumb Code     0  libinit2.o(.ARM.Collect$$libinit$$00000002)
    __rt_lib_init_fp_trap_1                  0x0000030b   Thumb Code     0  libinit2.o(.ARM.Collect$$libinit$$0000001F)
    __rt_lib_init_getenv_1                   0x0000030b   Thumb Code     0  libinit2.o(.ARM.Collect$$libinit$$00000023)
    __rt_lib_init_heap_1                     0x0000030b   Thumb Code     0  libinit2.o(.ARM.Collect$$libinit$$0000000A)
    __rt_lib_init_lc_collate_1               0x0000030b   Thumb Code     0  libinit2.o(.ARM.Collect$$libinit$$00000011)
    __rt_lib_init_lc_ctype_1                 0x0000030b   Thumb Code     0  libinit2.o(.ARM.Collect$$libinit$$00000013)
    __rt_lib_init_lc_monetary_1              0x0000030b   Thumb Code     0  libinit2.o(.ARM.Collect$$libinit$$00000015)
    __rt_lib_init_lc_numeric_1               0x0000030b   Thumb Code     0  libinit2.o(.ARM.Collect$$libinit$$00000017)
    __rt_lib_init_lc_time_1                  0x0000030b   Thumb Code     0  libinit2.o(.ARM.Collect$$libinit$$00000019)
    __rt_lib_init_preinit_1                  0x0000030b   Thumb Code     0  libinit2.o(.ARM.Collect$$libinit$$00000004)
    __rt_lib_init_rand_1                     0x0000030b   Thumb Code     0  libinit2.o(.ARM.Collect$$libinit$$0000000E)
    __rt_lib_init_return                     0x0000030b   Thumb Code     0  libinit2.o(.ARM.Collect$$libinit$$00000033)
    __rt_lib_init_signal_1                   0x0000030b   Thumb Code     0  libinit2.o(.ARM.Collect$$libinit$$0000001D)
    __rt_lib_init_stdio_1                    0x0000030b   Thumb Code     0  libinit2.o(.ARM.Collect$$libinit$$00000025)
    __rt_lib_init_user_alloc_1               0x0000030b   Thumb Code     0  libinit2.o(.ARM.Collect$$libinit$$0000000C)
    __rt_lib_shutdown                        0x0000030d   Thumb Code     0  libshutdown.o(.ARM.Collect$$libshutdown$$00000000)
    __rt_lib_shutdown_cpp_1                  0x0000030f   Thumb Code     0  libshutdown2.o(.ARM.Collect$$libshutdown$$00000002)
    __rt_lib_shutdown_fp_trap_1              0x0000030f   Thumb Code     0  libshutdown2.o(.ARM.Collect$$libshutdown$$00000007)
    __rt_lib_shutdown_heap_1                 0x0000030f   Thumb Code     0  libshutdown2.o(.ARM.Collect$$libshutdown$$0000000F)
    __rt_lib_shutdown_return                 0x0000030f   Thumb Code     0  libshutdown2.o(.ARM.Collect$$libshutdown$$00000010)
    __rt_lib_shutdown_signal_1               0x0000030f   Thumb Code     0  libshutdown2.o(.ARM.Collect$$libshutdown$$0000000A)
    __rt_lib_shutdown_stdio_1                0x0000030f   Thumb Code     0  libshutdown2.o(.ARM.Collect$$libshutdown$$00000004)
    __rt_lib_shutdown_user_alloc_1           0x0000030f   Thumb Code     0  libshutdown2.o(.ARM.Collect$$libshutdown$$0000000C)
    __rt_entry                               0x00000311   Thumb Code     0  __rtentry.o(.ARM.Collect$$rtentry$$00000000)
    __rt_entry_presh_1                       0x00000311   Thumb Code     0  __rtentry2.o(.ARM.Collect$$rtentry$$00000002)
    __rt_entry_sh                            0x00000311   Thumb Code     0  __rtentry4.o(.ARM.Collect$$rtentry$$00000004)
    __rt_entry_li                            0x00000317   Thumb Code     0  __rtentry2.o(.ARM.Collect$$rtentry$$0000000A)
    __rt_entry_postsh_1                      0x00000317   Thumb Code     0  __rtentry2.o(.ARM.Collect$$rtentry$$00000009)
    __rt_entry_main                          0x0000031b   Thumb Code     0  __rtentry2.o(.ARM.Collect$$rtentry$$0000000D)
    __rt_entry_postli_1                      0x0000031b   Thumb Code     0  __rtentry2.o(.ARM.Collect$$rtentry$$0000000C)
    __rt_exit                                0x00000323   Thumb Code     0  rtexit.o(.ARM.Collect$$rtexit$$00000000)
    __rt_exit_ls                             0x00000325   Thumb Code     0  rtexit2.o(.ARM.Collect$$rtexit$$00000003)
    __rt_exit_prels_1                        0x00000325   Thumb Code     0  rtexit2.o(.ARM.Collect$$rtexit$$00000002)
    __rt_exit_exit                           0x00000329   Thumb Code     0  rtexit2.o(.ARM.Collect$$rtexit$$00000004)
    DisableInterrupts                        0x00000331   Thumb Code     0  startup.o(.text)
    EnableInterrupts                         0x00000335   Thumb Code     0  startup.o(.text)
    StartCritical                            0x00000339   Thumb Code     0  startup.o(.text)
    EndCritical                              0x00000341   Thumb Code     0  startup.o(.text)
    WaitForInterrupt                         0x00000347   Thumb Code     0  startup.o(.text)
    __user_initial_stackheap                 0x0000034b   Thumb Code     0  startup.o(.text)
    __2sprintf                               0x00000361   Thumb Code    34  noretval__2sprintf.o(.text)
    _printf_pre_padding                      0x00000389   Thumb Code    44  _printf_pad.o(.text)
    _printf_post_padding                     0x000003b5   Thumb Code    34  _printf_pad.o(.text)
    _printf_int_dec                          0x000003d9   Thumb Code   104  _printf_dec.o(.text)
    __printf                                 0x00000451   Thumb Code   308  __printf_flags_wp.o(.text)
    strlen                                   0x00000589   Thumb Code    62  strlen.o(.text)
    __use_two_region_memory                  0x000005c7   Thumb Code     2  heapauxi.o(.text)
    __rt_heap_escrow$2region                 0x000005c9   Thumb Code     2  heapauxi.o(.text)
    __rt_heap_expand$2region                 0x000005cb   Thumb Code     2  heapauxi.o(.text)
    _printf_int_common                       0x000005cd   Thumb Code   178  _printf_intcommon.o(.text)
    _printf_char_common                      0x0000068b   Thumb Code    32  _printf_char_common.o(.text)
    _sputc                                   0x000006b1   Thumb Code    10  _sputc.o(.text)
    __user_setup_stackheap                   0x000006bb   Thumb Code    74  sys_stackheap_outer.o(.text)
    exit                                     0x00000705   Thumb Code    18  exit.o(.text)
    __user_libspace                          0x00000719   Thumb Code     8  libspace.o(.text)
    __user_perproc_libspace                  0x00000719   Thumb Code     0  libspace.o(.text)
    __user_perthread_libspace                0x00000719   Thumb Code     0  libspace.o(.text)
    _sys_exit                                0x00000721   Thumb Code     8  sys_exit.o(.text)
    __I$use$semihosting                      0x0000072d   Thumb Code     0  use_no_semi.o(.text)
    __use_no_semihosting_swi                 0x0000072d   Thumb Code     2  use_no_semi.o(.text)
    Delay1ms                                 0x0000072f   Thumb Code    32  st7735.o(i.Delay1ms)
    __semihosting_library_function           0x0000072f   Thumb Code     0  indicate_semi.o(.text)
    EV3479_init                              0x00000751   Thumb Code    90  ev3479.o(i.EV3479_init)
    EV3479_measure                           0x000007c1   Thumb Code   210  ev3479.o(i.EV3479_measure)
    EV3479_read                              0x00000893   Thumb Code    20  ev3479.o(i.EV3479_read)
    EV3479_write                             0x000008a7   Thumb Code    18  ev3479.o(i.EV3479_write)
    GPIOPortB_Handler                        0x000008b9   Thumb Code    32  portbhandler.o(i.GPIOPortB_Handler)
    I2C_init                                 0x000008dd   Thumb Code   126  i2c.o(i.I2C_init)
    I2C_trans1_recv1                         0x00000971   Thumb Code   128  i2c.o(i.I2C_trans1_recv1)
    I2C_trans2                               0x000009f5   Thumb Code   120  i2c.o(i.I2C_trans2)
    PEC16_get                                0x00000a71   Thumb Code     6  pec16.o(i.PEC16_get)
    PEC16_handler                            0x00000a7d   Thumb Code   168  pec16.o(i.PEC16_handler)
    PEC16_init                               0x00000b3d   Thumb Code   154  pec16.o(i.PEC16_init)
    PEC16_set                                0x00000bf5   Thumb Code     6  pec16.o(i.PEC16_set)
    PLL_Init                                 0x00000c01   Thumb Code   120  pll.o(i.PLL_Init)
    Q11_20toS                                0x00000c7d   Thumb Code    94  fixedmath.o(i.Q11_20toS)
    Q2_29toS                                 0x00000ce5   Thumb Code    94  fixedmath.o(i.Q2_29toS)
    Q8_23toS                                 0x00000d4d   Thumb Code    92  fixedmath.o(i.Q8_23toS)
    ST7735_DrawCharS                         0x00000db1   Thumb Code   236  st7735.o(i.ST7735_DrawCharS)
    ST7735_DrawPixel                         0x00000ea9   Thumb Code    68  st7735.o(i.ST7735_DrawPixel)
    ST7735_DrawString                        0x00000ef5   Thumb Code    84  st7735.o(i.ST7735_DrawString)
    ST7735_FillRect                          0x00000f49   Thumb Code   168  st7735.o(i.ST7735_FillRect)
    ST7735_FillScreen                        0x00000ff9   Thumb Code    28  st7735.o(i.ST7735_FillScreen)
    ST7735_InitR                             0x0000101d   Thumb Code    90  st7735.o(i.ST7735_InitR)
    ST7735_OutChar                           0x00001099   Thumb Code   176  st7735.o(i.ST7735_OutChar)
    ST7735_OutString                         0x0000116d   Thumb Code    22  st7735.o(i.ST7735_OutString)
    ST7735_SetCursor                         0x00001185   Thumb Code    22  st7735.o(i.ST7735_SetCursor)
    SWITCH_debounce                          0x000011a5   Thumb Code    26  switch.o(i.SWITCH_debounce)
    SWITCH_init                              0x000011c1   Thumb Code   198  switch.o(i.SWITCH_init)
    SWITCH_setPB2Task                        0x000012a1   Thumb Code    16  switch.o(i.SWITCH_setPB2Task)
    SWITCH_setPB5Task                        0x000012b9   Thumb Code    16  switch.o(i.SWITCH_setPB5Task)
    Sensor_getAngle                          0x000012d1   Thumb Code    54  sensor.o(i.Sensor_getAngle)
    Sensor_getCrossLevel                     0x00001307   Thumb Code    44  sensor.o(i.Sensor_getCrossLevel)
    Sensor_getPosition                       0x00001333   Thumb Code     8  sensor.o(i.Sensor_getPosition)
    Sensor_init                              0x0000133b   Thumb Code    24  sensor.o(i.Sensor_init)
    Switch_handler                           0x00001355   Thumb Code   244  switch.o(i.Switch_handler)
    UART_InChar                              0x00001461   Thumb Code    22  uart.o(i.UART_InChar)
    UART_InString                            0x0000147d   Thumb Code    48  uart.o(i.UART_InString)
    UART_Init                                0x000014ad   Thumb Code   126  uart.o(i.UART_Init)
    UART_OutChar                             0x0000153d   Thumb Code    20  uart.o(i.UART_OutChar)
    UART_OutString                           0x00001555   Thumb Code    22  uart.o(i.UART_OutString)
    VNC1L_close                              0x0000156d   Thumb Code    36  vnc1l.o(i.VNC1L_close)
    VNC1L_init                               0x00001599   Thumb Code   188  vnc1l.o(i.VNC1L_init)
    VNC1L_openW                              0x00001669   Thumb Code    36  vnc1l.o(i.VNC1L_openW)
    VNC1L_seek                               0x00001695   Thumb Code    58  vnc1l.o(i.VNC1L_seek)
    VNC1L_write                              0x000016d9   Thumb Code    66  vnc1l.o(i.VNC1L_write)
    _is_digit                                0x00001725   Thumb Code    14  __printf_wp.o(i._is_digit)
    close                                    0x00001735   Thumb Code    30  main.o(i.close)
    debounce                                 0x00001951   Thumb Code    26  pec16.o(i.debounce)
    fixedArcCos                              0x00001989   Thumb Code   212  fixedmath.o(i.fixedArcCos)
    fixedArcSin                              0x00001a71   Thumb Code   210  fixedmath.o(i.fixedArcSin)
    fixedTan                                 0x00001b55   Thumb Code   204  fixedmath.o(i.fixedTan)
    foo                                      0x00001c31   Thumb Code     2  switch.o(i.foo)
    main                                     0x00001c35   Thumb Code    56  main.o(i.main)
    measure                                  0x00001c75   Thumb Code   310  main.o(i.measure)
    mulQ29                                   0x00001e51   Thumb Code    16  fixedmath.o(i.mulQ29)
    open                                     0x00001e61   Thumb Code    56  main.o(i.open)
    rad2deg                                  0x00001ed1   Thumb Code    48  fixedmath.o(i.rad2deg)
    reset                                    0x00001f05   Thumb Code   134  ev3479.o(i.reset)
    setMode                                  0x00002009   Thumb Code    28  ev3479.o(i.setMode)
    setRangeCtrl                             0x00002025   Thumb Code    40  ev3479.o(i.setRangeCtrl)
    setSampleRate                            0x0000204d   Thumb Code    32  ev3479.o(i.setSampleRate)
    smallCircle                              0x000026aa   Data          36  st7735.o(.constdata)
    circle                                   0x000026ce   Data          60  st7735.o(.constdata)
    dBfs                                     0x0000270a   Data         512  st7735.o(.constdata)
    Region$$Table$$Base                      0x0000291c   Number         0  anon$$obj.o(Region$$Table)
    Region$$Table$$Limit                     0x0000293c   Number         0  anon$$obj.o(Region$$Table)
    StX                                      0x20000004   Data           4  st7735.o(.data)
    StY                                      0x20000008   Data           4  st7735.o(.data)
    StTextColor                              0x2000000c   Data           2  st7735.o(.data)
    Messageindex                             0x20000018   Data           4  st7735.o(.data)
    Ymax                                     0x2000001c   Data           4  st7735.o(.data)
    Ymin                                     0x20000020   Data           4  st7735.o(.data)
    X                                        0x20000024   Data           4  st7735.o(.data)
    Yrange                                   0x20000028   Data           4  st7735.o(.data)
    lastj                                    0x2000002c   Data           4  st7735.o(.data)
    debugIdx                                 0x20000034   Data           4  pec16.o(.data)
    stateTable                               0x20000038   Data          16  pec16.o(.data)
    PB2Task                                  0x2000004c   Data           4  switch.o(.data)
    PB3Task                                  0x20000050   Data           4  switch.o(.data)
    PB4Task                                  0x20000054   Data           4  switch.o(.data)
    PB5Task                                  0x20000058   Data           4  switch.o(.data)
    PB6Task                                  0x2000005c   Data           4  switch.o(.data)
    __libspace_start                         0x20000060   Data          96  libspace.o(.bss)
    __temporary_stack_top$libspace           0x200000c0   Data           0  libspace.o(.bss)



==============================================================================

Memory Map of the image

  Image Entry point : 0x0000026d

  Load Region LR_1 (Base: 0x00000000, Size: 0x0000299c, Max: 0xffffffff, ABSOLUTE)

    Execution Region ER_RO (Exec base: 0x00000000, Load base: 0x00000000, Size: 0x0000293c, Max: 0xffffffff, ABSOLUTE)

    Exec Addr    Load Addr    Size         Type   Attr      Idx    E Section Name        Object

    0x00000000   0x00000000   0x00000284   Code   RO          454  * RESET               startup.o
    0x00000284   0x00000284   0x00000008   Code   RO         1006  * !!!main             c_w.l(__main.o)
    0x0000028c   0x0000028c   0x00000034   Code   RO         1172    !!!scatter          c_w.l(__scatter.o)
    0x000002c0   0x000002c0   0x0000001a   Code   RO         1174    !!handler_copy      c_w.l(__scatter_copy.o)
    0x000002da   0x000002da   0x00000002   PAD
    0x000002dc   0x000002dc   0x0000001c   Code   RO         1176    !!handler_zi        c_w.l(__scatter_zi.o)
    0x000002f8   0x000002f8   0x00000000   Code   RO          997    .ARM.Collect$$_printf_percent$$00000000  c_w.l(_printf_percent.o)
    0x000002f8   0x000002f8   0x00000006   Code   RO          995    .ARM.Collect$$_printf_percent$$00000009  c_w.l(_printf_d.o)
    0x000002fe   0x000002fe   0x00000006   Code   RO          996    .ARM.Collect$$_printf_percent$$0000000A  c_w.l(_printf_u.o)
    0x00000304   0x00000304   0x00000004   Code   RO         1015    .ARM.Collect$$_printf_percent$$00000017  c_w.l(_printf_percent_end.o)
    0x00000308   0x00000308   0x00000002   Code   RO         1042    .ARM.Collect$$libinit$$00000000  c_w.l(libinit.o)
    0x0000030a   0x0000030a   0x00000000   Code   RO         1049    .ARM.Collect$$libinit$$00000002  c_w.l(libinit2.o)
    0x0000030a   0x0000030a   0x00000000   Code   RO         1051    .ARM.Collect$$libinit$$00000004  c_w.l(libinit2.o)
    0x0000030a   0x0000030a   0x00000000   Code   RO         1054    .ARM.Collect$$libinit$$0000000A  c_w.l(libinit2.o)
    0x0000030a   0x0000030a   0x00000000   Code   RO         1056    .ARM.Collect$$libinit$$0000000C  c_w.l(libinit2.o)
    0x0000030a   0x0000030a   0x00000000   Code   RO         1058    .ARM.Collect$$libinit$$0000000E  c_w.l(libinit2.o)
    0x0000030a   0x0000030a   0x00000000   Code   RO         1061    .ARM.Collect$$libinit$$00000011  c_w.l(libinit2.o)
    0x0000030a   0x0000030a   0x00000000   Code   RO         1063    .ARM.Collect$$libinit$$00000013  c_w.l(libinit2.o)
    0x0000030a   0x0000030a   0x00000000   Code   RO         1065    .ARM.Collect$$libinit$$00000015  c_w.l(libinit2.o)
    0x0000030a   0x0000030a   0x00000000   Code   RO         1067    .ARM.Collect$$libinit$$00000017  c_w.l(libinit2.o)
    0x0000030a   0x0000030a   0x00000000   Code   RO         1069    .ARM.Collect$$libinit$$00000019  c_w.l(libinit2.o)
    0x0000030a   0x0000030a   0x00000000   Code   RO         1071    .ARM.Collect$$libinit$$0000001B  c_w.l(libinit2.o)
    0x0000030a   0x0000030a   0x00000000   Code   RO         1073    .ARM.Collect$$libinit$$0000001D  c_w.l(libinit2.o)
    0x0000030a   0x0000030a   0x00000000   Code   RO         1075    .ARM.Collect$$libinit$$0000001F  c_w.l(libinit2.o)
    0x0000030a   0x0000030a   0x00000000   Code   RO         1077    .ARM.Collect$$libinit$$00000021  c_w.l(libinit2.o)
    0x0000030a   0x0000030a   0x00000000   Code   RO         1079    .ARM.Collect$$libinit$$00000023  c_w.l(libinit2.o)
    0x0000030a   0x0000030a   0x00000000   Code   RO         1081    .ARM.Collect$$libinit$$00000025  c_w.l(libinit2.o)
    0x0000030a   0x0000030a   0x00000000   Code   RO         1085    .ARM.Collect$$libinit$$0000002C  c_w.l(libinit2.o)
    0x0000030a   0x0000030a   0x00000000   Code   RO         1087    .ARM.Collect$$libinit$$0000002E  c_w.l(libinit2.o)
    0x0000030a   0x0000030a   0x00000000   Code   RO         1089    .ARM.Collect$$libinit$$00000030  c_w.l(libinit2.o)
    0x0000030a   0x0000030a   0x00000000   Code   RO         1091    .ARM.Collect$$libinit$$00000032  c_w.l(libinit2.o)
    0x0000030a   0x0000030a   0x00000002   Code   RO         1092    .ARM.Collect$$libinit$$00000033  c_w.l(libinit2.o)
    0x0000030c   0x0000030c   0x00000002   Code   RO         1112    .ARM.Collect$$libshutdown$$00000000  c_w.l(libshutdown.o)
    0x0000030e   0x0000030e   0x00000000   Code   RO         1125    .ARM.Collect$$libshutdown$$00000002  c_w.l(libshutdown2.o)
    0x0000030e   0x0000030e   0x00000000   Code   RO         1127    .ARM.Collect$$libshutdown$$00000004  c_w.l(libshutdown2.o)
    0x0000030e   0x0000030e   0x00000000   Code   RO         1130    .ARM.Collect$$libshutdown$$00000007  c_w.l(libshutdown2.o)
    0x0000030e   0x0000030e   0x00000000   Code   RO         1133    .ARM.Collect$$libshutdown$$0000000A  c_w.l(libshutdown2.o)
    0x0000030e   0x0000030e   0x00000000   Code   RO         1135    .ARM.Collect$$libshutdown$$0000000C  c_w.l(libshutdown2.o)
    0x0000030e   0x0000030e   0x00000000   Code   RO         1138    .ARM.Collect$$libshutdown$$0000000F  c_w.l(libshutdown2.o)
    0x0000030e   0x0000030e   0x00000002   Code   RO         1139    .ARM.Collect$$libshutdown$$00000010  c_w.l(libshutdown2.o)
    0x00000310   0x00000310   0x00000000   Code   RO         1008    .ARM.Collect$$rtentry$$00000000  c_w.l(__rtentry.o)
    0x00000310   0x00000310   0x00000000   Code   RO         1017    .ARM.Collect$$rtentry$$00000002  c_w.l(__rtentry2.o)
    0x00000310   0x00000310   0x00000006   Code   RO         1029    .ARM.Collect$$rtentry$$00000004  c_w.l(__rtentry4.o)
    0x00000316   0x00000316   0x00000000   Code   RO         1019    .ARM.Collect$$rtentry$$00000009  c_w.l(__rtentry2.o)
    0x00000316   0x00000316   0x00000004   Code   RO         1020    .ARM.Collect$$rtentry$$0000000A  c_w.l(__rtentry2.o)
    0x0000031a   0x0000031a   0x00000000   Code   RO         1022    .ARM.Collect$$rtentry$$0000000C  c_w.l(__rtentry2.o)
    0x0000031a   0x0000031a   0x00000008   Code   RO         1023    .ARM.Collect$$rtentry$$0000000D  c_w.l(__rtentry2.o)
    0x00000322   0x00000322   0x00000002   Code   RO         1046    .ARM.Collect$$rtexit$$00000000  c_w.l(rtexit.o)
    0x00000324   0x00000324   0x00000000   Code   RO         1094    .ARM.Collect$$rtexit$$00000002  c_w.l(rtexit2.o)
    0x00000324   0x00000324   0x00000004   Code   RO         1095    .ARM.Collect$$rtexit$$00000003  c_w.l(rtexit2.o)
    0x00000328   0x00000328   0x00000006   Code   RO         1096    .ARM.Collect$$rtexit$$00000004  c_w.l(rtexit2.o)
    0x0000032e   0x0000032e   0x00000002   PAD
    0x00000330   0x00000330   0x00000030   Code   RO          455    .text               startup.o
    0x00000360   0x00000360   0x00000028   Code   RO          967    .text               c_w.l(noretval__2sprintf.o)
    0x00000388   0x00000388   0x0000004e   Code   RO          971    .text               c_w.l(_printf_pad.o)
    0x000003d6   0x000003d6   0x00000002   PAD
    0x000003d8   0x000003d8   0x00000078   Code   RO          973    .text               c_w.l(_printf_dec.o)
    0x00000450   0x00000450   0x00000138   Code   RO          987    .text               c_w.l(__printf_flags_wp.o)
    0x00000588   0x00000588   0x0000003e   Code   RO         1000    .text               c_w.l(strlen.o)
    0x000005c6   0x000005c6   0x00000006   Code   RO         1004    .text               c_w.l(heapauxi.o)
    0x000005cc   0x000005cc   0x000000b2   Code   RO         1009    .text               c_w.l(_printf_intcommon.o)
    0x0000067e   0x0000067e   0x00000002   PAD
    0x00000680   0x00000680   0x00000030   Code   RO         1011    .text               c_w.l(_printf_char_common.o)
    0x000006b0   0x000006b0   0x0000000a   Code   RO         1013    .text               c_w.l(_sputc.o)
    0x000006ba   0x000006ba   0x0000004a   Code   RO         1033    .text               c_w.l(sys_stackheap_outer.o)
    0x00000704   0x00000704   0x00000012   Code   RO         1035    .text               c_w.l(exit.o)
    0x00000716   0x00000716   0x00000002   PAD
    0x00000718   0x00000718   0x00000008   Code   RO         1043    .text               c_w.l(libspace.o)
    0x00000720   0x00000720   0x0000000c   Code   RO         1104    .text               c_w.l(sys_exit.o)
    0x0000072c   0x0000072c   0x00000002   Code   RO         1115    .text               c_w.l(use_no_semi.o)
    0x0000072e   0x0000072e   0x00000000   Code   RO         1117    .text               c_w.l(indicate_semi.o)
    0x0000072e   0x0000072e   0x00000020   Code   RO           87    i.Delay1ms          st7735.o
    0x0000074e   0x0000074e   0x00000002   PAD
    0x00000750   0x00000750   0x00000070   Code   RO          667    i.EV3479_init       ev3479.o
    0x000007c0   0x000007c0   0x000000d2   Code   RO          668    i.EV3479_measure    ev3479.o
    0x00000892   0x00000892   0x00000014   Code   RO          669    i.EV3479_read       ev3479.o
    0x000008a6   0x000008a6   0x00000012   Code   RO          670    i.EV3479_write      ev3479.o
    0x000008b8   0x000008b8   0x00000024   Code   RO          893    i.GPIOPortB_Handler  portbhandler.o
    0x000008dc   0x000008dc   0x00000094   Code   RO          806    i.I2C_init          i2c.o
    0x00000970   0x00000970   0x00000084   Code   RO          807    i.I2C_trans1_recv1  i2c.o
    0x000009f4   0x000009f4   0x0000007c   Code   RO          808    i.I2C_trans2        i2c.o
    0x00000a70   0x00000a70   0x0000000c   Code   RO          498    i.PEC16_get         pec16.o
    0x00000a7c   0x00000a7c   0x000000c0   Code   RO          501    i.PEC16_handler     pec16.o
    0x00000b3c   0x00000b3c   0x000000b8   Code   RO          502    i.PEC16_init        pec16.o
    0x00000bf4   0x00000bf4   0x0000000c   Code   RO          503    i.PEC16_set         pec16.o
    0x00000c00   0x00000c00   0x0000007c   Code   RO           72    i.PLL_Init          pll.o
    0x00000c7c   0x00000c7c   0x00000068   Code   RO          905    i.Q11_20toS         fixedmath.o
    0x00000ce4   0x00000ce4   0x00000068   Code   RO          906    i.Q2_29toS          fixedmath.o
    0x00000d4c   0x00000d4c   0x00000064   Code   RO          907    i.Q8_23toS          fixedmath.o
    0x00000db0   0x00000db0   0x000000f8   Code   RO           96    i.ST7735_DrawCharS  st7735.o
    0x00000ea8   0x00000ea8   0x0000004c   Code   RO          100    i.ST7735_DrawPixel  st7735.o
    0x00000ef4   0x00000ef4   0x00000054   Code   RO          102    i.ST7735_DrawString  st7735.o
    0x00000f48   0x00000f48   0x000000b0   Code   RO          103    i.ST7735_FillRect   st7735.o
    0x00000ff8   0x00000ff8   0x00000024   Code   RO          104    i.ST7735_FillScreen  st7735.o
    0x0000101c   0x0000101c   0x0000007c   Code   RO          106    i.ST7735_InitR      st7735.o
    0x00001098   0x00001098   0x000000d4   Code   RO          109    i.ST7735_OutChar    st7735.o
    0x0000116c   0x0000116c   0x00000016   Code   RO          110    i.ST7735_OutString  st7735.o
    0x00001182   0x00001182   0x00000002   PAD
    0x00001184   0x00001184   0x00000020   Code   RO          122    i.ST7735_SetCursor  st7735.o
    0x000011a4   0x000011a4   0x0000001a   Code   RO          830    i.SWITCH_debounce   switch.o
    0x000011be   0x000011be   0x00000002   PAD
    0x000011c0   0x000011c0   0x000000e0   Code   RO          831    i.SWITCH_init       switch.o
    0x000012a0   0x000012a0   0x00000018   Code   RO          832    i.SWITCH_setPB2Task  switch.o
    0x000012b8   0x000012b8   0x00000018   Code   RO          835    i.SWITCH_setPB5Task  switch.o
    0x000012d0   0x000012d0   0x00000036   Code   RO          462    i.Sensor_getAngle   sensor.o
    0x00001306   0x00001306   0x0000002c   Code   RO          463    i.Sensor_getCrossLevel  sensor.o
    0x00001332   0x00001332   0x00000008   Code   RO          464    i.Sensor_getPosition  sensor.o
    0x0000133a   0x0000133a   0x00000018   Code   RO          465    i.Sensor_init       sensor.o
    0x00001352   0x00001352   0x00000002   PAD
    0x00001354   0x00001354   0x0000010c   Code   RO          837    i.Switch_handler    switch.o
    0x00001460   0x00001460   0x0000001c   Code   RO          724    i.UART_InChar       uart.o
    0x0000147c   0x0000147c   0x00000030   Code   RO          725    i.UART_InString     uart.o
    0x000014ac   0x000014ac   0x00000090   Code   RO          729    i.UART_Init         uart.o
    0x0000153c   0x0000153c   0x00000018   Code   RO          730    i.UART_OutChar      uart.o
    0x00001554   0x00001554   0x00000016   Code   RO          731    i.UART_OutString    uart.o
    0x0000156a   0x0000156a   0x00000002   PAD
    0x0000156c   0x0000156c   0x0000002c   Code   RO          551    i.VNC1L_close       vnc1l.o
    0x00001598   0x00001598   0x000000d0   Code   RO          553    i.VNC1L_init        vnc1l.o
    0x00001668   0x00001668   0x0000002c   Code   RO          556    i.VNC1L_openW       vnc1l.o
    0x00001694   0x00001694   0x00000044   Code   RO          558    i.VNC1L_seek        vnc1l.o
    0x000016d8   0x000016d8   0x0000004c   Code   RO          559    i.VNC1L_write       vnc1l.o
    0x00001724   0x00001724   0x0000000e   Code   RO          985    i._is_digit         c_w.l(__printf_wp.o)
    0x00001732   0x00001732   0x00000002   PAD
    0x00001734   0x00001734   0x0000003c   Code   RO            1    i.close             main.o
    0x00001770   0x00001770   0x00000056   Code   RO          131    i.commandList       st7735.o
    0x000017c6   0x000017c6   0x00000002   PAD
    0x000017c8   0x000017c8   0x00000188   Code   RO          132    i.commonInit        st7735.o
    0x00001950   0x00001950   0x0000001a   Code   RO          504    i.debounce          pec16.o
    0x0000196a   0x0000196a   0x00000002   PAD
    0x0000196c   0x0000196c   0x0000001c   Code   RO          133    i.deselect          st7735.o
    0x00001988   0x00001988   0x000000e8   Code   RO          908    i.fixedArcCos       fixedmath.o
    0x00001a70   0x00001a70   0x000000e4   Code   RO          909    i.fixedArcSin       fixedmath.o
    0x00001b54   0x00001b54   0x000000dc   Code   RO          910    i.fixedTan          fixedmath.o
    0x00001c30   0x00001c30   0x00000002   Code   RO          838    i.foo               switch.o
    0x00001c32   0x00001c32   0x00000002   PAD
    0x00001c34   0x00001c34   0x00000040   Code   RO            2    i.main              main.o
    0x00001c74   0x00001c74   0x000001dc   Code   RO            3    i.measure           main.o
    0x00001e50   0x00001e50   0x00000010   Code   RO          911    i.mulQ29            fixedmath.o
    0x00001e60   0x00001e60   0x0000005c   Code   RO            4    i.open              main.o
    0x00001ebc   0x00001ebc   0x00000012   Code   RO          142    i.pushColor         st7735.o
    0x00001ece   0x00001ece   0x00000002   PAD
    0x00001ed0   0x00001ed0   0x00000034   Code   RO          912    i.rad2deg           fixedmath.o
    0x00001f04   0x00001f04   0x00000090   Code   RO          671    i.reset             ev3479.o
    0x00001f94   0x00001f94   0x00000074   Code   RO          143    i.setAddrWindow     st7735.o
    0x00002008   0x00002008   0x0000001c   Code   RO          672    i.setMode           ev3479.o
    0x00002024   0x00002024   0x00000028   Code   RO          673    i.setRangeCtrl      ev3479.o
    0x0000204c   0x0000204c   0x00000020   Code   RO          674    i.setSampleRate     ev3479.o
    0x0000206c   0x0000206c   0x00000038   Code   RO          144    i.writecommand      st7735.o
    0x000020a4   0x000020a4   0x00000024   Code   RO          145    i.writedata         st7735.o
    0x000020c8   0x000020c8   0x00000842   Data   RO          147    .constdata          st7735.o
    0x0000290a   0x0000290a   0x00000011   Data   RO          988    .constdata          c_w.l(__printf_flags_wp.o)
    0x0000291b   0x0000291b   0x00000001   PAD
    0x0000291c   0x0000291c   0x00000020   Data   RO         1170    Region$$Table       anon$$obj.o


    Execution Region ER_RW (Exec base: 0x20000000, Load base: 0x0000293c, Size: 0x00000060, Max: 0xffffffff, ABSOLUTE)

    Exec Addr    Load Addr    Size         Type   Attr      Idx    E Section Name        Object

    0x20000000   0x0000293c   0x00000004   Data   RW            5    .data               main.o
    0x20000004   0x00002940   0x0000002c   Data   RW          148    .data               st7735.o
    0x20000030   0x0000296c   0x0000001a   Data   RW          506    .data               pec16.o
    0x2000004a   0x00002986   0x00000002   PAD
    0x2000004c   0x00002988   0x00000014   Data   RW          839    .data               switch.o


    Execution Region ER_ZI (Exec base: 0x20000060, Load base: 0x0000299c, Size: 0x00000460, Max: 0xffffffff, ABSOLUTE)

    Exec Addr    Load Addr    Size         Type   Attr      Idx    E Section Name        Object

    0x20000060        -       0x00000060   Zero   RW         1044    .bss                c_w.l(libspace.o)
    0x200000c0        -       0x00000000   Zero   RW          453    HEAP                startup.o
    0x200000c0        -       0x00000400   Zero   RW          452    STACK               startup.o


==============================================================================

Image component sizes


      Code (inc. data)   RO Data    RW Data    ZI Data      Debug   Object Name

       604         32          0          0          0       5033   ev3479.o
      1056         86          0          0          0       6360   fixedmath.o
       404         30          0          0          0       2059   i2c.o
       692        240          0          4          0       7204   main.o
       426         66          0         26          0       3092   pec16.o
       124          4          0          0          0        455   pll.o
        36          4          0          0          0        452   portbhandler.o
       130          0          0          0          0       2480   sensor.o
      1774        200       2114         44          0      13381   st7735.o
       692        632          0          0       1024        996   startup.o
       568         66          0         20          0       3613   switch.o
       266         28          0          0          0       2358   uart.o
       440         56          0          0          0       2780   vnc1l.o

    ----------------------------------------------------------------------
      7230       1444       2146         96       1024      50263   Object Totals
         0          0         32          0          0          0   (incl. Generated)
        18          0          0          2          0          0   (incl. Padding)

    ----------------------------------------------------------------------

      Code (inc. data)   RO Data    RW Data    ZI Data      Debug   Library Member Name

         8          0          0          0          0         68   __main.o
       312          4         17          0          0         92   __printf_flags_wp.o
        14          0          0          0          0         68   __printf_wp.o
         0          0          0          0          0          0   __rtentry.o
        12          0          0          0          0          0   __rtentry2.o
         6          0          0          0          0          0   __rtentry4.o
        52          8          0          0          0          0   __scatter.o
        26          0          0          0          0          0   __scatter_copy.o
        28          0          0          0          0          0   __scatter_zi.o
        48          6          0          0          0         96   _printf_char_common.o
         6          0          0          0          0          0   _printf_d.o
       120         16          0          0          0         92   _printf_dec.o
       178          0          0          0          0         88   _printf_intcommon.o
        78          0          0          0          0        108   _printf_pad.o
         0          0          0          0          0          0   _printf_percent.o
         4          0          0          0          0          0   _printf_percent_end.o
         6          0          0          0          0          0   _printf_u.o
        10          0          0          0          0         68   _sputc.o
        18          0          0          0          0         80   exit.o
         6          0          0          0          0        152   heapauxi.o
         0          0          0          0          0          0   indicate_semi.o
         2          0          0          0          0          0   libinit.o
         2          0          0          0          0          0   libinit2.o
         2          0          0          0          0          0   libshutdown.o
         2          0          0          0          0          0   libshutdown2.o
         8          4          0          0         96         68   libspace.o
        40          6          0          0          0         84   noretval__2sprintf.o
         2          0          0          0          0          0   rtexit.o
        10          0          0          0          0          0   rtexit2.o
        62          0          0          0          0         76   strlen.o
        12          4          0          0          0         68   sys_exit.o
        74          0          0          0          0         80   sys_stackheap_outer.o
         2          0          0          0          0         68   use_no_semi.o

    ----------------------------------------------------------------------
      1162         48         18          0         96       1356   Library Totals
        12          0          1          0          0          0   (incl. Padding)

    ----------------------------------------------------------------------

      Code (inc. data)   RO Data    RW Data    ZI Data      Debug   Library Name

      1150         48         17          0         96       1356   c_w.l

    ----------------------------------------------------------------------
      1162         48         18          0         96       1356   Library Totals

    ----------------------------------------------------------------------

==============================================================================


      Code (inc. data)   RO Data    RW Data    ZI Data      Debug   

      8392       1492       2164         96       1120      47819   Grand Totals
      8392       1492       2164         96       1120      47819   ELF Image Totals
      8392       1492       2164         96          0          0   ROM Totals

==============================================================================

    Total RO  Size (Code + RO Data)                10556 (  10.31kB)
    Total RW  Size (RW Data + ZI Data)              1216 (   1.19kB)
    Total ROM Size (Code + RO Data + RW Data)      10652 (  10.40kB)

==============================================================================

